Archive member included to satisfy reference by file (symbol)

f:/stm32cubeide_1.5.1/stm32cubeide/plugins/com.st.stm32cube.ide.mcu.externaltools.gnu-tools-for-stm32.7-2018-q2-update.win32_1.5.0.202011040924/tools/bin/../lib/gcc/arm-none-eabi/7.3.1/../../../../arm-none-eabi/lib/thumb/v7-m\libc_nano.a(lib_a-errno.o)
                              Core/Src/syscalls.o (__errno)
f:/stm32cubeide_1.5.1/stm32cubeide/plugins/com.st.stm32cube.ide.mcu.externaltools.gnu-tools-for-stm32.7-2018-q2-update.win32_1.5.0.202011040924/tools/bin/../lib/gcc/arm-none-eabi/7.3.1/../../../../arm-none-eabi/lib/thumb/v7-m\libc_nano.a(lib_a-exit.o)
                              f:/stm32cubeide_1.5.1/stm32cubeide/plugins/com.st.stm32cube.ide.mcu.externaltools.gnu-tools-for-stm32.7-2018-q2-update.win32_1.5.0.202011040924/tools/bin/../lib/gcc/arm-none-eabi/7.3.1/../../../../arm-none-eabi/lib/thumb/v7-m/crt0.o (exit)
f:/stm32cubeide_1.5.1/stm32cubeide/plugins/com.st.stm32cube.ide.mcu.externaltools.gnu-tools-for-stm32.7-2018-q2-update.win32_1.5.0.202011040924/tools/bin/../lib/gcc/arm-none-eabi/7.3.1/../../../../arm-none-eabi/lib/thumb/v7-m\libc_nano.a(lib_a-impure.o)
                              f:/stm32cubeide_1.5.1/stm32cubeide/plugins/com.st.stm32cube.ide.mcu.externaltools.gnu-tools-for-stm32.7-2018-q2-update.win32_1.5.0.202011040924/tools/bin/../lib/gcc/arm-none-eabi/7.3.1/../../../../arm-none-eabi/lib/thumb/v7-m\libc_nano.a(lib_a-exit.o) (_global_impure_ptr)
f:/stm32cubeide_1.5.1/stm32cubeide/plugins/com.st.stm32cube.ide.mcu.externaltools.gnu-tools-for-stm32.7-2018-q2-update.win32_1.5.0.202011040924/tools/bin/../lib/gcc/arm-none-eabi/7.3.1/../../../../arm-none-eabi/lib/thumb/v7-m\libc_nano.a(lib_a-init.o)
                              f:/stm32cubeide_1.5.1/stm32cubeide/plugins/com.st.stm32cube.ide.mcu.externaltools.gnu-tools-for-stm32.7-2018-q2-update.win32_1.5.0.202011040924/tools/bin/../lib/gcc/arm-none-eabi/7.3.1/../../../../arm-none-eabi/lib/thumb/v7-m/crt0.o (__libc_init_array)
f:/stm32cubeide_1.5.1/stm32cubeide/plugins/com.st.stm32cube.ide.mcu.externaltools.gnu-tools-for-stm32.7-2018-q2-update.win32_1.5.0.202011040924/tools/bin/../lib/gcc/arm-none-eabi/7.3.1/../../../../arm-none-eabi/lib/thumb/v7-m\libc_nano.a(lib_a-memset.o)
                              f:/stm32cubeide_1.5.1/stm32cubeide/plugins/com.st.stm32cube.ide.mcu.externaltools.gnu-tools-for-stm32.7-2018-q2-update.win32_1.5.0.202011040924/tools/bin/../lib/gcc/arm-none-eabi/7.3.1/../../../../arm-none-eabi/lib/thumb/v7-m/crt0.o (memset)
f:/stm32cubeide_1.5.1/stm32cubeide/plugins/com.st.stm32cube.ide.mcu.externaltools.gnu-tools-for-stm32.7-2018-q2-update.win32_1.5.0.202011040924/tools/bin/../lib/gcc/arm-none-eabi/7.3.1/../../../../arm-none-eabi/lib/thumb/v7-m\libc_nano.a(lib_a-strlen.o)
                              Core/Src/setup_and_loop.o (strlen)
f:/stm32cubeide_1.5.1/stm32cubeide/plugins/com.st.stm32cube.ide.mcu.externaltools.gnu-tools-for-stm32.7-2018-q2-update.win32_1.5.0.202011040924/tools/bin/../lib/gcc/arm-none-eabi/7.3.1/../../../../arm-none-eabi/lib/thumb/v7-m\libc_nano.a(lib_a-vsprintf.o)
                              Core/Src/setup_and_loop.o (vsprintf)
f:/stm32cubeide_1.5.1/stm32cubeide/plugins/com.st.stm32cube.ide.mcu.externaltools.gnu-tools-for-stm32.7-2018-q2-update.win32_1.5.0.202011040924/tools/bin/../lib/gcc/arm-none-eabi/7.3.1/../../../../arm-none-eabi/lib/thumb/v7-m\libc_nano.a(lib_a-nano-svfprintf.o)
                              f:/stm32cubeide_1.5.1/stm32cubeide/plugins/com.st.stm32cube.ide.mcu.externaltools.gnu-tools-for-stm32.7-2018-q2-update.win32_1.5.0.202011040924/tools/bin/../lib/gcc/arm-none-eabi/7.3.1/../../../../arm-none-eabi/lib/thumb/v7-m\libc_nano.a(lib_a-vsprintf.o) (_svfprintf_r)
f:/stm32cubeide_1.5.1/stm32cubeide/plugins/com.st.stm32cube.ide.mcu.externaltools.gnu-tools-for-stm32.7-2018-q2-update.win32_1.5.0.202011040924/tools/bin/../lib/gcc/arm-none-eabi/7.3.1/../../../../arm-none-eabi/lib/thumb/v7-m\libc_nano.a(lib_a-nano-vfprintf_i.o)
                              f:/stm32cubeide_1.5.1/stm32cubeide/plugins/com.st.stm32cube.ide.mcu.externaltools.gnu-tools-for-stm32.7-2018-q2-update.win32_1.5.0.202011040924/tools/bin/../lib/gcc/arm-none-eabi/7.3.1/../../../../arm-none-eabi/lib/thumb/v7-m\libc_nano.a(lib_a-nano-svfprintf.o) (_printf_i)
f:/stm32cubeide_1.5.1/stm32cubeide/plugins/com.st.stm32cube.ide.mcu.externaltools.gnu-tools-for-stm32.7-2018-q2-update.win32_1.5.0.202011040924/tools/bin/../lib/gcc/arm-none-eabi/7.3.1/../../../../arm-none-eabi/lib/thumb/v7-m\libc_nano.a(lib_a-memchr-stub.o)
                              f:/stm32cubeide_1.5.1/stm32cubeide/plugins/com.st.stm32cube.ide.mcu.externaltools.gnu-tools-for-stm32.7-2018-q2-update.win32_1.5.0.202011040924/tools/bin/../lib/gcc/arm-none-eabi/7.3.1/../../../../arm-none-eabi/lib/thumb/v7-m\libc_nano.a(lib_a-nano-svfprintf.o) (memchr)
[...]
Memory Configuration

Name             Origin             Length             Attributes
RAM              0x0000000020000000 0x0000000000010000 xrw
FLASH            0x0000000008000000 0x0000000000080000 xr
*default*        0x0000000000000000 0xffffffffffffffff

Linker script and memory map

LOAD f:/stm32cubeide_1.5.1/stm32cubeide/plugins/com.st.stm32cube.ide.mcu.externaltools.gnu-tools-for-stm32.7-2018-q2-update.win32_1.5.0.202011040924/tools/bin/../lib/gcc/arm-none-eabi/7.3.1/thumb/v7-m/crti.o
LOAD f:/stm32cubeide_1.5.1/stm32cubeide/plugins/com.st.stm32cube.ide.mcu.externaltools.gnu-tools-for-stm32.7-2018-q2-update.win32_1.5.0.202011040924/tools/bin/../lib/gcc/arm-none-eabi/7.3.1/thumb/v7-m/crtbegin.o
LOAD f:/stm32cubeide_1.5.1/stm32cubeide/plugins/com.st.stm32cube.ide.mcu.externaltools.gnu-tools-for-stm32.7-2018-q2-update.win32_1.5.0.202011040924/tools/bin/../lib/gcc/arm-none-eabi/7.3.1/../../../../arm-none-eabi/lib/thumb/v7-m/crt0.o
LOAD Core/Src/fpga.o
LOAD Core/Src/gpio.o
LOAD Core/Src/i2c.o
LOAD Core/Src/main.o
LOAD Core/Src/mcp4728.o
LOAD Core/Src/pin_card.o
LOAD Core/Src/setup_and_loop.o
LOAD Core/Src/si5351.o
LOAD Core/Src/spi.o
LOAD Core/Src/stm32f1xx_hal_msp.o
LOAD Core/Src/stm32f1xx_it.o
LOAD Core/Src/syscalls.o
LOAD Core/Src/sysmem.o
LOAD Core/Src/system_stm32f1xx.o
LOAD Core/Src/usart.o
LOAD Core/Src/w25qxx.o
LOAD Core/Startup/startup_stm32f103zetx.o
LOAD Drivers/STM32F1xx_HAL_Driver/Src/stm32f1xx_hal.o
LOAD Drivers/STM32F1xx_HAL_Driver/Src/stm32f1xx_hal_cortex.o
LOAD Drivers/STM32F1xx_HAL_Driver/Src/stm32f1xx_hal_dma.o
LOAD Drivers/STM32F1xx_HAL_Driver/Src/stm32f1xx_hal_exti.o
LOAD Drivers/STM32F1xx_HAL_Driver/Src/stm32f1xx_hal_flash.o
LOAD Drivers/STM32F1xx_HAL_Driver/Src/stm32f1xx_hal_flash_ex.o
LOAD Drivers/STM32F1xx_HAL_Driver/Src/stm32f1xx_hal_gpio.o
LOAD Drivers/STM32F1xx_HAL_Driver/Src/stm32f1xx_hal_gpio_ex.o
LOAD Drivers/STM32F1xx_HAL_Driver/Src/stm32f1xx_hal_i2c.o
LOAD Drivers/STM32F1xx_HAL_Driver/Src/stm32f1xx_hal_pcd.o
LOAD Drivers/STM32F1xx_HAL_Driver/Src/stm32f1xx_hal_pcd_ex.o
LOAD Drivers/STM32F1xx_HAL_Driver/Src/stm32f1xx_hal_pwr.o
LOAD Drivers/STM32F1xx_HAL_Driver/Src/stm32f1xx_hal_rcc.o
LOAD Drivers/STM32F1xx_HAL_Driver/Src/stm32f1xx_hal_rcc_ex.o
LOAD Drivers/STM32F1xx_HAL_Driver/Src/stm32f1xx_hal_spi.o
LOAD Drivers/STM32F1xx_HAL_Driver/Src/stm32f1xx_hal_tim.o
LOAD Drivers/STM32F1xx_HAL_Driver/Src/stm32f1xx_hal_tim_ex.o
LOAD Drivers/STM32F1xx_HAL_Driver/Src/stm32f1xx_hal_uart.o
LOAD Drivers/STM32F1xx_HAL_Driver/Src/stm32f1xx_ll_usb.o
LOAD Middlewares/ST/STM32_USB_Device_Library/Class/CDC/Src/usbd_cdc.o
LOAD Middlewares/ST/STM32_USB_Device_Library/Core/Src/usbd_core.o
LOAD Middlewares/ST/STM32_USB_Device_Library/Core/Src/usbd_ctlreq.o
LOAD Middlewares/ST/STM32_USB_Device_Library/Core/Src/usbd_ioreq.o
LOAD USB_DEVICE/App/usb_device.o
LOAD USB_DEVICE/App/usbd_cdc_if.o
LOAD USB_DEVICE/App/usbd_desc.o
LOAD USB_DEVICE/Target/usbd_conf.o
START GROUP
LOAD f:/stm32cubeide_1.5.1/stm32cubeide/plugins/com.st.stm32cube.ide.mcu.externaltools.gnu-tools-for-stm32.7-2018-q2-update.win32_1.5.0.202011040924/tools/bin/../lib/gcc/arm-none-eabi/7.3.1/../../../../arm-none-eabi/lib/thumb/v7-m\libc_nano.a
LOAD f:/stm32cubeide_1.5.1/stm32cubeide/plugins/com.st.stm32cube.ide.mcu.externaltools.gnu-tools-for-stm32.7-2018-q2-update.win32_1.5.0.202011040924/tools/bin/../lib/gcc/arm-none-eabi/7.3.1/../../../../arm-none-eabi/lib/thumb/v7-m\libm.a
END GROUP
START GROUP
LOAD f:/stm32cubeide_1.5.1/stm32cubeide/plugins/com.st.stm32cube.ide.mcu.externaltools.gnu-tools-for-stm32.7-2018-q2-update.win32_1.5.0.202011040924/tools/bin/../lib/gcc/arm-none-eabi/7.3.1/thumb/v7-m\libgcc.a
LOAD f:/stm32cubeide_1.5.1/stm32cubeide/plugins/com.st.stm32cube.ide.mcu.externaltools.gnu-tools-for-stm32.7-2018-q2-update.win32_1.5.0.202011040924/tools/bin/../lib/gcc/arm-none-eabi/7.3.1/../../../../arm-none-eabi/lib/thumb/v7-m\libc_nano.a
END GROUP
START GROUP
LOAD f:/stm32cubeide_1.5.1/stm32cubeide/plugins/com.st.stm32cube.ide.mcu.externaltools.gnu-tools-for-stm32.7-2018-q2-update.win32_1.5.0.202011040924/tools/bin/../lib/gcc/arm-none-eabi/7.3.1/thumb/v7-m\libgcc.a
LOAD f:/stm32cubeide_1.5.1/stm32cubeide/plugins/com.st.stm32cube.ide.mcu.externaltools.gnu-tools-for-stm32.7-2018-q2-update.win32_1.5.0.202011040924/tools/bin/../lib/gcc/arm-none-eabi/7.3.1/../../../../arm-none-eabi/lib/thumb/v7-m\libc_nano.a
LOAD f:/stm32cubeide_1.5.1/stm32cubeide/plugins/com.st.stm32cube.ide.mcu.externaltools.gnu-tools-for-stm32.7-2018-q2-update.win32_1.5.0.202011040924/tools/bin/../lib/gcc/arm-none-eabi/7.3.1/../../../../arm-none-eabi/lib/thumb/v7-m\libnosys.a
END GROUP
START GROUP
LOAD f:/stm32cubeide_1.5.1/stm32cubeide/plugins/com.st.stm32cube.ide.mcu.externaltools.gnu-tools-for-stm32.7-2018-q2-update.win32_1.5.0.202011040924/tools/bin/../lib/gcc/arm-none-eabi/7.3.1/thumb/v7-m\libgcc.a
LOAD f:/stm32cubeide_1.5.1/stm32cubeide/plugins/com.st.stm32cube.ide.mcu.externaltools.gnu-tools-for-stm32.7-2018-q2-update.win32_1.5.0.202011040924/tools/bin/../lib/gcc/arm-none-eabi/7.3.1/../../../../arm-none-eabi/lib/thumb/v7-m\libc_nano.a
LOAD f:/stm32cubeide_1.5.1/stm32cubeide/plugins/com.st.stm32cube.ide.mcu.externaltools.gnu-tools-for-stm32.7-2018-q2-update.win32_1.5.0.202011040924/tools/bin/../lib/gcc/arm-none-eabi/7.3.1/../../../../arm-none-eabi/lib/thumb/v7-m\libnosys.a
END GROUP
LOAD f:/stm32cubeide_1.5.1/stm32cubeide/plugins/com.st.stm32cube.ide.mcu.externaltools.gnu-tools-for-stm32.7-2018-q2-update.win32_1.5.0.202011040924/tools/bin/../lib/gcc/arm-none-eabi/7.3.1/thumb/v7-m/crtend.o
LOAD f:/stm32cubeide_1.5.1/stm32cubeide/plugins/com.st.stm32cube.ide.mcu.externaltools.gnu-tools-for-stm32.7-2018-q2-update.win32_1.5.0.202011040924/tools/bin/../lib/gcc/arm-none-eabi/7.3.1/thumb/v7-m/crtn.o
                0x0000000020010000                _estack = (ORIGIN (RAM) + LENGTH (RAM))
                0x0000000000000200                _Min_Heap_Size = 0x200
                0x0000000000000400                _Min_Stack_Size = 0x400

.isr_vector     0x0000000008000000      0x1e4
                0x0000000008000000                . = ALIGN (0x4)
 *(.isr_vector)
 .isr_vector    0x0000000008000000      0x1e4 Core/Startup/startup_stm32f103zetx.o
                0x0000000008000000                g_pfnVectors
                0x00000000080001e4                . = ALIGN (0x4)

.text           0x00000000080001e4     0xa58c
                0x00000000080001e4                . = ALIGN (0x4)
 *(.text)
 .text          0x00000000080001e4       0x40 f:/stm32cubeide_1.5.1/stm32cubeide/plugins/com.st.stm32cube.ide.mcu.externaltools.gnu-tools-for-stm32.7-2018-q2-update.win32_1.5.0.202011040924/tools/bin/../lib/gcc/arm-none-eabi/7.3.1/thumb/v7-m/crtbegin.o
 .text          0x0000000008000224       0x10 f:/stm32cubeide_1.5.1/stm32cubeide/plugins/com.st.stm32cube.ide.mcu.externaltools.gnu-tools-for-stm32.7-2018-q2-update.win32_1.5.0.202011040924/tools/bin/../lib/gcc/arm-none-eabi/7.3.1/../../../../arm-none-eabi/lib/thumb/v7-m\libc_nano.a(lib_a-strlen.o)
                0x0000000008000224                strlen
 *(.text*)
 .text.f_reset  0x0000000008000234       0x74 Core/Src/fpga.o
                0x0000000008000234                f_reset
 .text.f_request
                0x00000000080002a8       0x90 Core/Src/fpga.o
                0x00000000080002a8                f_request
 .text.f_address
                0x0000000008000338       0xa0 Core/Src/fpga.o
                0x0000000008000338                f_address
 .text.f_cs     0x00000000080003d8       0x54 Core/Src/fpga.o
                0x00000000080003d8                f_cs
 .text.f_set_frequency
                0x000000000800042c       0x30 Core/Src/fpga.o
                0x000000000800042c                f_set_frequency
 .text.f_set_io_voltage
                0x000000000800045c       0x68 Core/Src/fpga.o
                0x000000000800045c                f_set_io_voltage
 .text.MX_GPIO_Init
                0x00000000080004c4      0x2ac Core/Src/gpio.o
                0x00000000080004c4                MX_GPIO_Init
 .text.MX_I2C1_Init
                0x0000000008000770       0x5c Core/Src/i2c.o
                0x0000000008000770                MX_I2C1_Init
 .text.MX_I2C2_Init
                0x00000000080007cc       0x5c Core/Src/i2c.o
                0x00000000080007cc                MX_I2C2_Init
 .text.HAL_I2C_MspInit
                0x0000000008000828       0xd8 Core/Src/i2c.o
                0x0000000008000828                HAL_I2C_MspInit
 .text.main     0x0000000008000900       0x2e Core/Src/main.o
                0x0000000008000900                main
 .text.SystemClock_Config
                0x000000000800092e       0xb8 Core/Src/main.o
                0x000000000800092e                SystemClock_Config
 .text.Error_Handler
                0x00000000080009e6        0xc Core/Src/main.o
                0x00000000080009e6                Error_Handler
 *fill*         0x00000000080009f2        0x2 
 .text.setChannelValue
                0x00000000080009f4       0xb0 Core/Src/mcp4728.o
                0x00000000080009f4                setChannelValue
 .text.request_from_pin_card
                0x0000000008000aa4       0xc8 Core/Src/pin_card.o
                0x0000000008000aa4                request_from_pin_card
 .text.decode_packet
                0x0000000008000b6c      0x290 Core/Src/pin_card.o
                0x0000000008000b6c                decode_packet
 .text.read_packet_FIFO
                0x0000000008000dfc      0x124 Core/Src/pin_card.o
                0x0000000008000dfc                read_packet_FIFO
 .text.setup    0x0000000008000f20       0x98 Core/Src/setup_and_loop.o
                0x0000000008000f20                setup
 .text.main_loop
                0x0000000008000fb8       0xb8 Core/Src/setup_and_loop.o
                0x0000000008000fb8                main_loop
 .text.print    0x0000000008001070       0x64 Core/Src/setup_and_loop.o
                0x0000000008001070                print
 .text.beep     0x00000000080010d4       0x2c Core/Src/setup_and_loop.o
                0x00000000080010d4                beep
 .text.led_kinghtrider
                0x0000000008001100       0xf8 Core/Src/setup_and_loop.o
                0x0000000008001100                led_kinghtrider
 .text.clk_init
                0x00000000080011f8        0xc Core/Src/si5351.o
                0x00000000080011f8                clk_init
 .text.clk_reset
                0x0000000008001204       0x10 Core/Src/si5351.o
                0x0000000008001204                clk_reset
 .text.clk_set_frequency
                0x0000000008001214      0x32c Core/Src/si5351.o
                0x0000000008001214                clk_set_frequency
 .text.clk_enable
                0x0000000008001540       0x60 Core/Src/si5351.o
                0x0000000008001540                clk_enable
 .text.clk_disable
                0x00000000080015a0       0x2c Core/Src/si5351.o
                0x00000000080015a0                clk_disable
 .text.clk_i2c_write
                0x00000000080015cc       0x38 Core/Src/si5351.o
                0x00000000080015cc                clk_i2c_write
 .text.clk_off  0x0000000008001604       0x28 Core/Src/si5351.o
                0x0000000008001604                clk_off
 .text.MX_SPI1_Init
                0x000000000800162c       0x6c Core/Src/spi.o
                0x000000000800162c                MX_SPI1_Init
 .text.HAL_SPI_MspInit
                0x0000000008001698       0x94 Core/Src/spi.o
                0x0000000008001698                HAL_SPI_MspInit
 .text.HAL_MspInit
                0x000000000800172c       0x64 Core/Src/stm32f1xx_hal_msp.o
                0x000000000800172c                HAL_MspInit
 .text.NMI_Handler
                0x0000000008001790        0xc Core/Src/stm32f1xx_it.o
                0x0000000008001790                NMI_Handler
 .text.HardFault_Handler
                0x000000000800179c        0x6 Core/Src/stm32f1xx_it.o
                0x000000000800179c                HardFault_Handler
 .text.MemManage_Handler
                0x00000000080017a2        0x6 Core/Src/stm32f1xx_it.o
                0x00000000080017a2                MemManage_Handler
 .text.BusFault_Handler
                0x00000000080017a8        0x6 Core/Src/stm32f1xx_it.o
                0x00000000080017a8                BusFault_Handler
 .text.UsageFault_Handler
                0x00000000080017ae        0x6 Core/Src/stm32f1xx_it.o
                0x00000000080017ae                UsageFault_Handler
 .text.SVC_Handler
                0x00000000080017b4        0xc Core/Src/stm32f1xx_it.o
                0x00000000080017b4                SVC_Handler
 .text.DebugMon_Handler
                0x00000000080017c0        0xc Core/Src/stm32f1xx_it.o
                0x00000000080017c0                DebugMon_Handler
 .text.PendSV_Handler
                0x00000000080017cc        0xc Core/Src/stm32f1xx_it.o
                0x00000000080017cc                PendSV_Handler
 .text.SysTick_Handler
                0x00000000080017d8       0x34 Core/Src/stm32f1xx_it.o
                0x00000000080017d8                SysTick_Handler
 .text.USB_LP_CAN1_RX0_IRQHandler
                0x000000000800180c       0x14 Core/Src/stm32f1xx_it.o
                0x000000000800180c                USB_LP_CAN1_RX0_IRQHandler
 .text._sbrk    0x0000000008001820       0x6c Core/Src/sysmem.o
                0x0000000008001820                _sbrk
 .text.SystemInit
                0x000000000800188c        0xc Core/Src/system_stm32f1xx.o
                0x000000000800188c                SystemInit
 .text.MX_USART1_UART_Init
                0x0000000008001898       0x54 Core/Src/usart.o
                0x0000000008001898                MX_USART1_UART_Init
 .text.HAL_UART_MspInit
                0x00000000080018ec       0x98 Core/Src/usart.o
                0x00000000080018ec                HAL_UART_MspInit
 .text.Reset_Handler
                0x0000000008001984       0x48 Core/Startup/startup_stm32f103zetx.o
                0x0000000008001984                Reset_Handler
 .text.Default_Handler
                0x00000000080019cc        0x2 Core/Startup/startup_stm32f103zetx.o
                0x00000000080019cc                RTC_Alarm_IRQHandler
                0x00000000080019cc                EXTI2_IRQHandler
                0x00000000080019cc                TIM8_TRG_COM_IRQHandler
                0x00000000080019cc                TIM8_CC_IRQHandler
                0x00000000080019cc                TIM1_CC_IRQHandler
                0x00000000080019cc                TIM6_IRQHandler
                0x00000000080019cc                PVD_IRQHandler
                0x00000000080019cc                SDIO_IRQHandler
                0x00000000080019cc                EXTI3_IRQHandler
                0x00000000080019cc                EXTI0_IRQHandler
                0x00000000080019cc                I2C2_EV_IRQHandler
                0x00000000080019cc                ADC1_2_IRQHandler
                0x00000000080019cc                SPI1_IRQHandler
                0x00000000080019cc                TAMPER_IRQHandler
                0x00000000080019cc                TIM8_UP_IRQHandler
                0x00000000080019cc                DMA2_Channel2_IRQHandler
                0x00000000080019cc                DMA1_Channel4_IRQHandler
                0x00000000080019cc                USART3_IRQHandler
                0x00000000080019cc                RTC_IRQHandler
                0x00000000080019cc                DMA1_Channel7_IRQHandler
                0x00000000080019cc                CAN1_RX1_IRQHandler
                0x00000000080019cc                UART5_IRQHandler
                0x00000000080019cc                ADC3_IRQHandler
                0x00000000080019cc                TIM4_IRQHandler
                0x00000000080019cc                DMA2_Channel1_IRQHandler
                0x00000000080019cc                I2C1_EV_IRQHandler
                0x00000000080019cc                DMA1_Channel6_IRQHandler
                0x00000000080019cc                UART4_IRQHandler
                0x00000000080019cc                TIM3_IRQHandler
                0x00000000080019cc                RCC_IRQHandler
                0x00000000080019cc                TIM1_TRG_COM_IRQHandler
                0x00000000080019cc                DMA1_Channel1_IRQHandler
                0x00000000080019cc                Default_Handler
                0x00000000080019cc                EXTI15_10_IRQHandler
                0x00000000080019cc                TIM7_IRQHandler
                0x00000000080019cc                TIM5_IRQHandler
                0x00000000080019cc                EXTI9_5_IRQHandler
                0x00000000080019cc                SPI2_IRQHandler
                0x00000000080019cc                DMA1_Channel5_IRQHandler
                0x00000000080019cc                EXTI4_IRQHandler
                0x00000000080019cc                USB_HP_CAN1_TX_IRQHandler
                0x00000000080019cc                DMA1_Channel3_IRQHandler
                0x00000000080019cc                FSMC_IRQHandler
                0x00000000080019cc                TIM1_UP_IRQHandler
                0x00000000080019cc                WWDG_IRQHandler
                0x00000000080019cc                TIM2_IRQHandler
                0x00000000080019cc                TIM1_BRK_IRQHandler
                0x00000000080019cc                EXTI1_IRQHandler
                0x00000000080019cc                DMA2_Channel4_5_IRQHandler
                0x00000000080019cc                USART2_IRQHandler
                0x00000000080019cc                I2C2_ER_IRQHandler
                0x00000000080019cc                DMA1_Channel2_IRQHandler
                0x00000000080019cc                TIM8_BRK_IRQHandler
                0x00000000080019cc                CAN1_SCE_IRQHandler
                0x00000000080019cc                FLASH_IRQHandler
                0x00000000080019cc                USART1_IRQHandler
                0x00000000080019cc                SPI3_IRQHandler
                0x00000000080019cc                I2C1_ER_IRQHandler
                0x00000000080019cc                USBWakeUp_IRQHandler
                0x00000000080019cc                DMA2_Channel3_IRQHandler
 *fill*         0x00000000080019ce        0x2 
 .text.HAL_Init
                0x00000000080019d0       0x2c Drivers/STM32F1xx_HAL_Driver/Src/stm32f1xx_hal.o
                0x00000000080019d0                HAL_Init
 .text.HAL_InitTick
                0x00000000080019fc       0x60 Drivers/STM32F1xx_HAL_Driver/Src/stm32f1xx_hal.o
                0x00000000080019fc                HAL_InitTick
 .text.HAL_IncTick
                0x0000000008001a5c       0x24 Drivers/STM32F1xx_HAL_Driver/Src/stm32f1xx_hal.o
                0x0000000008001a5c                HAL_IncTick
 .text.HAL_GetTick
                0x0000000008001a80       0x14 Drivers/STM32F1xx_HAL_Driver/Src/stm32f1xx_hal.o
                0x0000000008001a80                HAL_GetTick
 .text.HAL_Delay
                0x0000000008001a94       0x44 Drivers/STM32F1xx_HAL_Driver/Src/stm32f1xx_hal.o
                0x0000000008001a94                HAL_Delay
 .text.__NVIC_SetPriorityGrouping
                0x0000000008001ad8       0x48 Drivers/STM32F1xx_HAL_Driver/Src/stm32f1xx_hal_cortex.o
 .text.__NVIC_GetPriorityGrouping
                0x0000000008001b20       0x1c Drivers/STM32F1xx_HAL_Driver/Src/stm32f1xx_hal_cortex.o
 .text.__NVIC_EnableIRQ
                0x0000000008001b3c       0x38 Drivers/STM32F1xx_HAL_Driver/Src/stm32f1xx_hal_cortex.o
 .text.__NVIC_SetPriority
                0x0000000008001b74       0x54 Drivers/STM32F1xx_HAL_Driver/Src/stm32f1xx_hal_cortex.o
 .text.NVIC_EncodePriority
                0x0000000008001bc8       0x64 Drivers/STM32F1xx_HAL_Driver/Src/stm32f1xx_hal_cortex.o
 .text.SysTick_Config
                0x0000000008001c2c       0x44 Drivers/STM32F1xx_HAL_Driver/Src/stm32f1xx_hal_cortex.o
 .text.HAL_NVIC_SetPriorityGrouping
                0x0000000008001c70       0x16 Drivers/STM32F1xx_HAL_Driver/Src/stm32f1xx_hal_cortex.o
                0x0000000008001c70                HAL_NVIC_SetPriorityGrouping
 .text.HAL_NVIC_SetPriority
                0x0000000008001c86       0x38 Drivers/STM32F1xx_HAL_Driver/Src/stm32f1xx_hal_cortex.o
                0x0000000008001c86                HAL_NVIC_SetPriority
 .text.HAL_NVIC_EnableIRQ
                0x0000000008001cbe       0x1c Drivers/STM32F1xx_HAL_Driver/Src/stm32f1xx_hal_cortex.o
                0x0000000008001cbe                HAL_NVIC_EnableIRQ
 .text.HAL_SYSTICK_Config
                0x0000000008001cda       0x18 Drivers/STM32F1xx_HAL_Driver/Src/stm32f1xx_hal_cortex.o
                0x0000000008001cda                HAL_SYSTICK_Config
 *fill*         0x0000000008001cf2        0x2 
 .text.HAL_GPIO_Init
                0x0000000008001cf4      0x2d4 Drivers/STM32F1xx_HAL_Driver/Src/stm32f1xx_hal_gpio.o
                0x0000000008001cf4                HAL_GPIO_Init
 .text.HAL_GPIO_ReadPin
                0x0000000008001fc8       0x2e Drivers/STM32F1xx_HAL_Driver/Src/stm32f1xx_hal_gpio.o
                0x0000000008001fc8                HAL_GPIO_ReadPin
 .text.HAL_GPIO_WritePin
                0x0000000008001ff6       0x30 Drivers/STM32F1xx_HAL_Driver/Src/stm32f1xx_hal_gpio.o
                0x0000000008001ff6                HAL_GPIO_WritePin
 *fill*         0x0000000008002026        0x2 
 .text.HAL_I2C_Init
                0x0000000008002028      0x270 Drivers/STM32F1xx_HAL_Driver/Src/stm32f1xx_hal_i2c.o
                0x0000000008002028                HAL_I2C_Init
 .text.HAL_I2C_Master_Transmit
                0x0000000008002298      0x1fc Drivers/STM32F1xx_HAL_Driver/Src/stm32f1xx_hal_i2c.o
                0x0000000008002298                HAL_I2C_Master_Transmit
 .text.HAL_I2C_Master_Receive
                0x0000000008002494      0x4b4 Drivers/STM32F1xx_HAL_Driver/Src/stm32f1xx_hal_i2c.o
                0x0000000008002494                HAL_I2C_Master_Receive
 .text.I2C_MasterRequestWrite
                0x0000000008002948      0x104 Drivers/STM32F1xx_HAL_Driver/Src/stm32f1xx_hal_i2c.o
 .text.I2C_MasterRequestRead
                0x0000000008002a4c      0x19c Drivers/STM32F1xx_HAL_Driver/Src/stm32f1xx_hal_i2c.o
 .text.I2C_WaitOnFlagUntilTimeout
                0x0000000008002be8       0xae Drivers/STM32F1xx_HAL_Driver/Src/stm32f1xx_hal_i2c.o
 .text.I2C_WaitOnMasterAddressFlagUntilTimeout
                0x0000000008002c96       0xfe Drivers/STM32F1xx_HAL_Driver/Src/stm32f1xx_hal_i2c.o
 .text.I2C_WaitOnTXEFlagUntilTimeout
                0x0000000008002d94       0x82 Drivers/STM32F1xx_HAL_Driver/Src/stm32f1xx_hal_i2c.o
 .text.I2C_WaitOnBTFFlagUntilTimeout
                0x0000000008002e16       0x82 Drivers/STM32F1xx_HAL_Driver/Src/stm32f1xx_hal_i2c.o
 .text.I2C_WaitOnRXNEFlagUntilTimeout
                0x0000000008002e98       0xac Drivers/STM32F1xx_HAL_Driver/Src/stm32f1xx_hal_i2c.o
 .text.I2C_IsAcknowledgeFailed
                0x0000000008002f44       0x5c Drivers/STM32F1xx_HAL_Driver/Src/stm32f1xx_hal_i2c.o
 .text.HAL_PCD_Init
                0x0000000008002fa0      0x216 Drivers/STM32F1xx_HAL_Driver/Src/stm32f1xx_hal_pcd.o
                0x0000000008002fa0                HAL_PCD_Init
 .text.HAL_PCD_Start
                0x00000000080031b6       0x4c Drivers/STM32F1xx_HAL_Driver/Src/stm32f1xx_hal_pcd.o
                0x00000000080031b6                HAL_PCD_Start
 .text.HAL_PCD_IRQHandler
                0x0000000008003202      0x2aa Drivers/STM32F1xx_HAL_Driver/Src/stm32f1xx_hal_pcd.o
                0x0000000008003202                HAL_PCD_IRQHandler
 .text.HAL_PCD_SetAddress
                0x00000000080034ac       0x4a Drivers/STM32F1xx_HAL_Driver/Src/stm32f1xx_hal_pcd.o
                0x00000000080034ac                HAL_PCD_SetAddress
 .text.HAL_PCD_EP_Open
                0x00000000080034f6       0xcc Drivers/STM32F1xx_HAL_Driver/Src/stm32f1xx_hal_pcd.o
                0x00000000080034f6                HAL_PCD_EP_Open
 .text.HAL_PCD_EP_Close
                0x00000000080035c2       0x90 Drivers/STM32F1xx_HAL_Driver/Src/stm32f1xx_hal_pcd.o
                0x00000000080035c2                HAL_PCD_EP_Close
 .text.HAL_PCD_EP_Receive
                0x0000000008003652       0x7a Drivers/STM32F1xx_HAL_Driver/Src/stm32f1xx_hal_pcd.o
                0x0000000008003652                HAL_PCD_EP_Receive
 .text.HAL_PCD_EP_GetRxCount
                0x00000000080036cc       0x2e Drivers/STM32F1xx_HAL_Driver/Src/stm32f1xx_hal_pcd.o
                0x00000000080036cc                HAL_PCD_EP_GetRxCount
 .text.HAL_PCD_EP_Transmit
                0x00000000080036fa       0x86 Drivers/STM32F1xx_HAL_Driver/Src/stm32f1xx_hal_pcd.o
                0x00000000080036fa                HAL_PCD_EP_Transmit
 .text.HAL_PCD_EP_SetStall
                0x0000000008003780       0xc0 Drivers/STM32F1xx_HAL_Driver/Src/stm32f1xx_hal_pcd.o
                0x0000000008003780                HAL_PCD_EP_SetStall
 .text.HAL_PCD_EP_ClrStall
                0x0000000008003840       0xa8 Drivers/STM32F1xx_HAL_Driver/Src/stm32f1xx_hal_pcd.o
                0x0000000008003840                HAL_PCD_EP_ClrStall
 .text.PCD_EP_ISR_Handler
                0x00000000080038e8      0x5e6 Drivers/STM32F1xx_HAL_Driver/Src/stm32f1xx_hal_pcd.o
 .text.HAL_PCD_EP_DB_Receive
                0x0000000008003ece      0x21a Drivers/STM32F1xx_HAL_Driver/Src/stm32f1xx_hal_pcd.o
 .text.HAL_PCD_EP_DB_Transmit
                0x00000000080040e8      0x53a Drivers/STM32F1xx_HAL_Driver/Src/stm32f1xx_hal_pcd.o
 .text.HAL_PCDEx_PMAConfig
                0x0000000008004622       0x84 Drivers/STM32F1xx_HAL_Driver/Src/stm32f1xx_hal_pcd_ex.o
                0x0000000008004622                HAL_PCDEx_PMAConfig
 *fill*         0x00000000080046a6        0x2 
 .text.HAL_RCC_OscConfig
                0x00000000080046a8      0x500 Drivers/STM32F1xx_HAL_Driver/Src/stm32f1xx_hal_rcc.o
                0x00000000080046a8                HAL_RCC_OscConfig
 .text.HAL_RCC_ClockConfig
                0x0000000008004ba8      0x1d4 Drivers/STM32F1xx_HAL_Driver/Src/stm32f1xx_hal_rcc.o
                0x0000000008004ba8                HAL_RCC_ClockConfig
 .text.HAL_RCC_GetSysClockFreq
                0x0000000008004d7c       0xc4 Drivers/STM32F1xx_HAL_Driver/Src/stm32f1xx_hal_rcc.o
                0x0000000008004d7c                HAL_RCC_GetSysClockFreq
 .text.HAL_RCC_GetHCLKFreq
                0x0000000008004e40       0x14 Drivers/STM32F1xx_HAL_Driver/Src/stm32f1xx_hal_rcc.o
                0x0000000008004e40                HAL_RCC_GetHCLKFreq
 .text.HAL_RCC_GetPCLK1Freq
                0x0000000008004e54       0x28 Drivers/STM32F1xx_HAL_Driver/Src/stm32f1xx_hal_rcc.o
                0x0000000008004e54                HAL_RCC_GetPCLK1Freq
 .text.HAL_RCC_GetPCLK2Freq
                0x0000000008004e7c       0x28 Drivers/STM32F1xx_HAL_Driver/Src/stm32f1xx_hal_rcc.o
                0x0000000008004e7c                HAL_RCC_GetPCLK2Freq
 .text.RCC_Delay
                0x0000000008004ea4       0x3c Drivers/STM32F1xx_HAL_Driver/Src/stm32f1xx_hal_rcc.o
 .text.HAL_RCCEx_PeriphCLKConfig
                0x0000000008004ee0      0x16c Drivers/STM32F1xx_HAL_Driver/Src/stm32f1xx_hal_rcc_ex.o
                0x0000000008004ee0                HAL_RCCEx_PeriphCLKConfig
 .text.HAL_SPI_Init
                0x000000000800504c      0x108 Drivers/STM32F1xx_HAL_Driver/Src/stm32f1xx_hal_spi.o
                0x000000000800504c                HAL_SPI_Init
 .text.HAL_SPI_Transmit
                0x0000000008005154      0x278 Drivers/STM32F1xx_HAL_Driver/Src/stm32f1xx_hal_spi.o
                0x0000000008005154                HAL_SPI_Transmit
 .text.HAL_SPI_Receive
                0x00000000080053cc      0x222 Drivers/STM32F1xx_HAL_Driver/Src/stm32f1xx_hal_spi.o
                0x00000000080053cc                HAL_SPI_Receive
 .text.HAL_SPI_TransmitReceive
                0x00000000080055ee      0x344 Drivers/STM32F1xx_HAL_Driver/Src/stm32f1xx_hal_spi.o
                0x00000000080055ee                HAL_SPI_TransmitReceive
 *fill*         0x0000000008005932        0x2 
 .text.SPI_WaitFlagStateUntilTimeout
                0x0000000008005934      0x110 Drivers/STM32F1xx_HAL_Driver/Src/stm32f1xx_hal_spi.o
 .text.SPI_EndRxTransaction
                0x0000000008005a44       0xa4 Drivers/STM32F1xx_HAL_Driver/Src/stm32f1xx_hal_spi.o
 .text.SPI_EndRxTxTransaction
                0x0000000008005ae8       0x3c Drivers/STM32F1xx_HAL_Driver/Src/stm32f1xx_hal_spi.o
 .text.HAL_UART_Init
                0x0000000008005b24       0x9a Drivers/STM32F1xx_HAL_Driver/Src/stm32f1xx_hal_uart.o
                0x0000000008005b24                HAL_UART_Init
 *fill*         0x0000000008005bbe        0x2 
 .text.UART_SetConfig
                0x0000000008005bc0      0x11c Drivers/STM32F1xx_HAL_Driver/Src/stm32f1xx_hal_uart.o
 .text.USB_CoreInit
                0x0000000008005cdc       0x20 Drivers/STM32F1xx_HAL_Driver/Src/stm32f1xx_ll_usb.o
                0x0000000008005cdc                USB_CoreInit
 .text.USB_EnableGlobalInt
                0x0000000008005cfc       0x2c Drivers/STM32F1xx_HAL_Driver/Src/stm32f1xx_ll_usb.o
                0x0000000008005cfc                USB_EnableGlobalInt
 .text.USB_DisableGlobalInt
                0x0000000008005d28       0x34 Drivers/STM32F1xx_HAL_Driver/Src/stm32f1xx_ll_usb.o
                0x0000000008005d28                USB_DisableGlobalInt
 .text.USB_SetCurrentMode
                0x0000000008005d5c       0x18 Drivers/STM32F1xx_HAL_Driver/Src/stm32f1xx_ll_usb.o
                0x0000000008005d5c                USB_SetCurrentMode
 .text.USB_DevInit
                0x0000000008005d74       0x40 Drivers/STM32F1xx_HAL_Driver/Src/stm32f1xx_ll_usb.o
                0x0000000008005d74                USB_DevInit
 .text.USB_ActivateEndpoint
                0x0000000008005db4      0x6d4 Drivers/STM32F1xx_HAL_Driver/Src/stm32f1xx_ll_usb.o
                0x0000000008005db4                USB_ActivateEndpoint
 .text.USB_DeactivateEndpoint
                0x0000000008006488      0x3d8 Drivers/STM32F1xx_HAL_Driver/Src/stm32f1xx_ll_usb.o
                0x0000000008006488                USB_DeactivateEndpoint
 .text.USB_EPStartXfer
                0x0000000008006860     0x1240 Drivers/STM32F1xx_HAL_Driver/Src/stm32f1xx_ll_usb.o
                0x0000000008006860                USB_EPStartXfer
 .text.USB_EPSetStall
                0x0000000008007aa0       0xa0 Drivers/STM32F1xx_HAL_Driver/Src/stm32f1xx_ll_usb.o
                0x0000000008007aa0                USB_EPSetStall
 .text.USB_EPClearStall
                0x0000000008007b40      0x15a Drivers/STM32F1xx_HAL_Driver/Src/stm32f1xx_ll_usb.o
                0x0000000008007b40                USB_EPClearStall
 .text.USB_SetDevAddress
                0x0000000008007c9a       0x26 Drivers/STM32F1xx_HAL_Driver/Src/stm32f1xx_ll_usb.o
                0x0000000008007c9a                USB_SetDevAddress
 .text.USB_DevConnect
                0x0000000008007cc0       0x14 Drivers/STM32F1xx_HAL_Driver/Src/stm32f1xx_ll_usb.o
                0x0000000008007cc0                USB_DevConnect
 .text.USB_DevDisconnect
                0x0000000008007cd4       0x14 Drivers/STM32F1xx_HAL_Driver/Src/stm32f1xx_ll_usb.o
                0x0000000008007cd4                USB_DevDisconnect
 .text.USB_ReadInterrupts
                0x0000000008007ce8       0x1e Drivers/STM32F1xx_HAL_Driver/Src/stm32f1xx_ll_usb.o
                0x0000000008007ce8                USB_ReadInterrupts
 .text.USB_EP0_OutStart
                0x0000000008007d06       0x16 Drivers/STM32F1xx_HAL_Driver/Src/stm32f1xx_ll_usb.o
                0x0000000008007d06                USB_EP0_OutStart
 .text.USB_WritePMA
                0x0000000008007d1c       0x88 Drivers/STM32F1xx_HAL_Driver/Src/stm32f1xx_ll_usb.o
                0x0000000008007d1c                USB_WritePMA
 .text.USB_ReadPMA
                0x0000000008007da4       0x9e Drivers/STM32F1xx_HAL_Driver/Src/stm32f1xx_ll_usb.o
                0x0000000008007da4                USB_ReadPMA
 .text.USBD_CDC_Init
                0x0000000008007e42       0xf4 Middlewares/ST/STM32_USB_Device_Library/Class/CDC/Src/usbd_cdc.o
 .text.USBD_CDC_DeInit
                0x0000000008007f36       0x6e Middlewares/ST/STM32_USB_Device_Library/Class/CDC/Src/usbd_cdc.o
 .text.USBD_CDC_Setup
                0x0000000008007fa4      0x140 Middlewares/ST/STM32_USB_Device_Library/Class/CDC/Src/usbd_cdc.o
 .text.USBD_CDC_DataIn
                0x00000000080080e4       0xa6 Middlewares/ST/STM32_USB_Device_Library/Class/CDC/Src/usbd_cdc.o
 .text.USBD_CDC_DataOut
                0x000000000800818a       0x56 Middlewares/ST/STM32_USB_Device_Library/Class/CDC/Src/usbd_cdc.o
 .text.USBD_CDC_EP0_RxReady
                0x00000000080081e0       0x50 Middlewares/ST/STM32_USB_Device_Library/Class/CDC/Src/usbd_cdc.o
 .text.USBD_CDC_GetFSCfgDesc
                0x0000000008008230       0x20 Middlewares/ST/STM32_USB_Device_Library/Class/CDC/Src/usbd_cdc.o
 .text.USBD_CDC_GetHSCfgDesc
                0x0000000008008250       0x20 Middlewares/ST/STM32_USB_Device_Library/Class/CDC/Src/usbd_cdc.o
 .text.USBD_CDC_GetOtherSpeedCfgDesc
                0x0000000008008270       0x20 Middlewares/ST/STM32_USB_Device_Library/Class/CDC/Src/usbd_cdc.o
 .text.USBD_CDC_GetDeviceQualifierDescriptor
                0x0000000008008290       0x20 Middlewares/ST/STM32_USB_Device_Library/Class/CDC/Src/usbd_cdc.o
                0x0000000008008290                USBD_CDC_GetDeviceQualifierDescriptor
 .text.USBD_CDC_RegisterInterface
                0x00000000080082b0       0x2c Middlewares/ST/STM32_USB_Device_Library/Class/CDC/Src/usbd_cdc.o
                0x00000000080082b0                USBD_CDC_RegisterInterface
 .text.USBD_CDC_SetTxBuffer
                0x00000000080082dc       0x32 Middlewares/ST/STM32_USB_Device_Library/Class/CDC/Src/usbd_cdc.o
                0x00000000080082dc                USBD_CDC_SetTxBuffer
 .text.USBD_CDC_SetRxBuffer
                0x000000000800830e       0x26 Middlewares/ST/STM32_USB_Device_Library/Class/CDC/Src/usbd_cdc.o
                0x000000000800830e                USBD_CDC_SetRxBuffer
 .text.USBD_CDC_TransmitPacket
                0x0000000008008334       0x5e Middlewares/ST/STM32_USB_Device_Library/Class/CDC/Src/usbd_cdc.o
                0x0000000008008334                USBD_CDC_TransmitPacket
 .text.USBD_CDC_ReceivePacket
                0x0000000008008392       0x54 Middlewares/ST/STM32_USB_Device_Library/Class/CDC/Src/usbd_cdc.o
                0x0000000008008392                USBD_CDC_ReceivePacket
 .text.USBD_Init
                0x00000000080083e6       0x56 Middlewares/ST/STM32_USB_Device_Library/Core/Src/usbd_core.o
                0x00000000080083e6                USBD_Init
 .text.USBD_RegisterClass
                0x000000000800843c       0x32 Middlewares/ST/STM32_USB_Device_Library/Core/Src/usbd_core.o
                0x000000000800843c                USBD_RegisterClass
 .text.USBD_Start
                0x000000000800846e       0x18 Middlewares/ST/STM32_USB_Device_Library/Core/Src/usbd_core.o
                0x000000000800846e                USBD_Start
 .text.USBD_RunTestMode
                0x0000000008008486       0x14 Middlewares/ST/STM32_USB_Device_Library/Core/Src/usbd_core.o
                0x0000000008008486                USBD_RunTestMode
 .text.USBD_SetClassConfig
                0x000000000800849a       0x3e Middlewares/ST/STM32_USB_Device_Library/Core/Src/usbd_core.o
                0x000000000800849a                USBD_SetClassConfig
 .text.USBD_ClrClassConfig
                0x00000000080084d8       0x26 Middlewares/ST/STM32_USB_Device_Library/Core/Src/usbd_core.o
                0x00000000080084d8                USBD_ClrClassConfig
 .text.USBD_LL_SetupStage
                0x00000000080084fe       0x96 Middlewares/ST/STM32_USB_Device_Library/Core/Src/usbd_core.o
                0x00000000080084fe                USBD_LL_SetupStage
 .text.USBD_LL_DataOutStage
                0x0000000008008594       0xe2 Middlewares/ST/STM32_USB_Device_Library/Core/Src/usbd_core.o
                0x0000000008008594                USBD_LL_DataOutStage
 .text.USBD_LL_DataInStage
                0x0000000008008676      0x14a Middlewares/ST/STM32_USB_Device_Library/Core/Src/usbd_core.o
                0x0000000008008676                USBD_LL_DataInStage
 .text.USBD_LL_Reset
                0x00000000080087c0       0x82 Middlewares/ST/STM32_USB_Device_Library/Core/Src/usbd_core.o
                0x00000000080087c0                USBD_LL_Reset
 .text.USBD_LL_SetSpeed
                0x0000000008008842       0x1e Middlewares/ST/STM32_USB_Device_Library/Core/Src/usbd_core.o
                0x0000000008008842                USBD_LL_SetSpeed
 .text.USBD_LL_Suspend
                0x0000000008008860       0x28 Middlewares/ST/STM32_USB_Device_Library/Core/Src/usbd_core.o
                0x0000000008008860                USBD_LL_Suspend
 .text.USBD_LL_Resume
                0x0000000008008888       0x2a Middlewares/ST/STM32_USB_Device_Library/Core/Src/usbd_core.o
                0x0000000008008888                USBD_LL_Resume
 .text.USBD_LL_SOF
                0x00000000080088b2       0x34 Middlewares/ST/STM32_USB_Device_Library/Core/Src/usbd_core.o
                0x00000000080088b2                USBD_LL_SOF
 *fill*         0x00000000080088e6        0x2 
 .text.USBD_StdDevReq
                0x00000000080088e8       0xd4 Middlewares/ST/STM32_USB_Device_Library/Core/Src/usbd_ctlreq.o
                0x00000000080088e8                USBD_StdDevReq
 .text.USBD_StdItfReq
                0x00000000080089bc       0x8c Middlewares/ST/STM32_USB_Device_Library/Core/Src/usbd_ctlreq.o
                0x00000000080089bc                USBD_StdItfReq
 .text.USBD_StdEPReq
                0x0000000008008a48      0x2ba Middlewares/ST/STM32_USB_Device_Library/Core/Src/usbd_ctlreq.o
                0x0000000008008a48                USBD_StdEPReq
 *fill*         0x0000000008008d02        0x2 
 .text.USBD_GetDescriptor
                0x0000000008008d04      0x2d0 Middlewares/ST/STM32_USB_Device_Library/Core/Src/usbd_ctlreq.o
 .text.USBD_SetAddress
                0x0000000008008fd4       0x84 Middlewares/ST/STM32_USB_Device_Library/Core/Src/usbd_ctlreq.o
 .text.USBD_SetConfig
                0x0000000008009058      0x11c Middlewares/ST/STM32_USB_Device_Library/Core/Src/usbd_ctlreq.o
 .text.USBD_GetConfig
                0x0000000008009174       0x68 Middlewares/ST/STM32_USB_Device_Library/Core/Src/usbd_ctlreq.o
 .text.USBD_GetStatus
                0x00000000080091dc       0x66 Middlewares/ST/STM32_USB_Device_Library/Core/Src/usbd_ctlreq.o
 .text.USBD_SetFeature
                0x0000000008009242       0x28 Middlewares/ST/STM32_USB_Device_Library/Core/Src/usbd_ctlreq.o
 .text.USBD_ClrFeature
                0x000000000800926a       0x42 Middlewares/ST/STM32_USB_Device_Library/Core/Src/usbd_ctlreq.o
 .text.USBD_ParseSetupRequest
                0x00000000080092ac       0x78 Middlewares/ST/STM32_USB_Device_Library/Core/Src/usbd_ctlreq.o
                0x00000000080092ac                USBD_ParseSetupRequest
 .text.USBD_CtlError
                0x0000000008009324       0x22 Middlewares/ST/STM32_USB_Device_Library/Core/Src/usbd_ctlreq.o
                0x0000000008009324                USBD_CtlError
 .text.USBD_GetString
                0x0000000008009346       0x84 Middlewares/ST/STM32_USB_Device_Library/Core/Src/usbd_ctlreq.o
                0x0000000008009346                USBD_GetString
 .text.USBD_GetLen
                0x00000000080093ca       0x2e Middlewares/ST/STM32_USB_Device_Library/Core/Src/usbd_ctlreq.o
 .text.USBD_CtlSendData
                0x00000000080093f8       0x38 Middlewares/ST/STM32_USB_Device_Library/Core/Src/usbd_ioreq.o
                0x00000000080093f8                USBD_CtlSendData
 .text.USBD_CtlContinueSendData
                0x0000000008009430       0x24 Middlewares/ST/STM32_USB_Device_Library/Core/Src/usbd_ioreq.o
                0x0000000008009430                USBD_CtlContinueSendData
 .text.USBD_CtlPrepareRx
                0x0000000008009454       0x3c Middlewares/ST/STM32_USB_Device_Library/Core/Src/usbd_ioreq.o
                0x0000000008009454                USBD_CtlPrepareRx
 .text.USBD_CtlContinueRx
                0x0000000008009490       0x24 Middlewares/ST/STM32_USB_Device_Library/Core/Src/usbd_ioreq.o
                0x0000000008009490                USBD_CtlContinueRx
 .text.USBD_CtlSendStatus
                0x00000000080094b4       0x26 Middlewares/ST/STM32_USB_Device_Library/Core/Src/usbd_ioreq.o
                0x00000000080094b4                USBD_CtlSendStatus
 .text.USBD_CtlReceiveStatus
                0x00000000080094da       0x26 Middlewares/ST/STM32_USB_Device_Library/Core/Src/usbd_ioreq.o
                0x00000000080094da                USBD_CtlReceiveStatus
 .text.MX_USB_DEVICE_Init
                0x0000000008009500       0x60 USB_DEVICE/App/usb_device.o
                0x0000000008009500                MX_USB_DEVICE_Init
 .text.CDC_Init_FS
                0x0000000008009560       0x28 USB_DEVICE/App/usbd_cdc_if.o
 .text.CDC_DeInit_FS
                0x0000000008009588        0xe USB_DEVICE/App/usbd_cdc_if.o
 *fill*         0x0000000008009596        0x2 
 .text.CDC_Control_FS
                0x0000000008009598       0xbc USB_DEVICE/App/usbd_cdc_if.o
 .text.CDC_Receive_FS
                0x0000000008009654       0xb4 USB_DEVICE/App/usbd_cdc_if.o
 .text.CDC_Transmit_FS
                0x0000000008009708       0x58 USB_DEVICE/App/usbd_cdc_if.o
                0x0000000008009708                CDC_Transmit_FS
 .text.USBD_FS_DeviceDescriptor
                0x0000000008009760       0x24 USB_DEVICE/App/usbd_desc.o
                0x0000000008009760                USBD_FS_DeviceDescriptor
 .text.USBD_FS_LangIDStrDescriptor
                0x0000000008009784       0x24 USB_DEVICE/App/usbd_desc.o
                0x0000000008009784                USBD_FS_LangIDStrDescriptor
 .text.USBD_FS_ProductStrDescriptor
                0x00000000080097a8       0x3c USB_DEVICE/App/usbd_desc.o
                0x00000000080097a8                USBD_FS_ProductStrDescriptor
 .text.USBD_FS_ManufacturerStrDescriptor
                0x00000000080097e4       0x28 USB_DEVICE/App/usbd_desc.o
                0x00000000080097e4                USBD_FS_ManufacturerStrDescriptor
 .text.USBD_FS_SerialStrDescriptor
                0x000000000800980c       0x24 USB_DEVICE/App/usbd_desc.o
                0x000000000800980c                USBD_FS_SerialStrDescriptor
 .text.USBD_FS_ConfigStrDescriptor
                0x0000000008009830       0x3c USB_DEVICE/App/usbd_desc.o
                0x0000000008009830                USBD_FS_ConfigStrDescriptor
 .text.USBD_FS_InterfaceStrDescriptor
                0x000000000800986c       0x3c USB_DEVICE/App/usbd_desc.o
                0x000000000800986c                USBD_FS_InterfaceStrDescriptor
 .text.Get_SerialNum
                0x00000000080098a8       0x58 USB_DEVICE/App/usbd_desc.o
 .text.IntToUnicode
                0x0000000008009900       0x7a USB_DEVICE/App/usbd_desc.o
 *fill*         0x000000000800997a        0x2 
 .text.HAL_PCD_MspInit
                0x000000000800997c       0x4c USB_DEVICE/Target/usbd_conf.o
                0x000000000800997c                HAL_PCD_MspInit
 .text.HAL_PCD_SetupStageCallback
                0x00000000080099c8       0x24 USB_DEVICE/Target/usbd_conf.o
                0x00000000080099c8                HAL_PCD_SetupStageCallback
 .text.HAL_PCD_DataOutStageCallback
                0x00000000080099ec       0x36 USB_DEVICE/Target/usbd_conf.o
                0x00000000080099ec                HAL_PCD_DataOutStageCallback
 .text.HAL_PCD_DataInStageCallback
                0x0000000008009a22       0x34 USB_DEVICE/Target/usbd_conf.o
                0x0000000008009a22                HAL_PCD_DataInStageCallback
 .text.HAL_PCD_SOFCallback
                0x0000000008009a56       0x1c USB_DEVICE/Target/usbd_conf.o
                0x0000000008009a56                HAL_PCD_SOFCallback
 .text.HAL_PCD_ResetCallback
                0x0000000008009a72       0x3c USB_DEVICE/Target/usbd_conf.o
                0x0000000008009a72                HAL_PCD_ResetCallback
 *fill*         0x0000000008009aae        0x2 
 .text.HAL_PCD_SuspendCallback
                0x0000000008009ab0       0x34 USB_DEVICE/Target/usbd_conf.o
                0x0000000008009ab0                HAL_PCD_SuspendCallback
 .text.HAL_PCD_ResumeCallback
                0x0000000008009ae4       0x1c USB_DEVICE/Target/usbd_conf.o
                0x0000000008009ae4                HAL_PCD_ResumeCallback
 .text.USBD_LL_Init
                0x0000000008009b00       0xb4 USB_DEVICE/Target/usbd_conf.o
                0x0000000008009b00                USBD_LL_Init
 .text.USBD_LL_Start
                0x0000000008009bb4       0x36 USB_DEVICE/Target/usbd_conf.o
                0x0000000008009bb4                USBD_LL_Start
 .text.USBD_LL_OpenEP
                0x0000000008009bea       0x4c USB_DEVICE/Target/usbd_conf.o
                0x0000000008009bea                USBD_LL_OpenEP
 .text.USBD_LL_CloseEP
                0x0000000008009c36       0x3e USB_DEVICE/Target/usbd_conf.o
                0x0000000008009c36                USBD_LL_CloseEP
 .text.USBD_LL_StallEP
                0x0000000008009c74       0x3e USB_DEVICE/Target/usbd_conf.o
                0x0000000008009c74                USBD_LL_StallEP
 .text.USBD_LL_ClearStallEP
                0x0000000008009cb2       0x3e USB_DEVICE/Target/usbd_conf.o
                0x0000000008009cb2                USBD_LL_ClearStallEP
 .text.USBD_LL_IsStallEP
                0x0000000008009cf0       0x58 USB_DEVICE/Target/usbd_conf.o
                0x0000000008009cf0                USBD_LL_IsStallEP
 .text.USBD_LL_SetUSBAddress
                0x0000000008009d48       0x3e USB_DEVICE/Target/usbd_conf.o
                0x0000000008009d48                USBD_LL_SetUSBAddress
 .text.USBD_LL_Transmit
                0x0000000008009d86       0x46 USB_DEVICE/Target/usbd_conf.o
                0x0000000008009d86                USBD_LL_Transmit
 .text.USBD_LL_PrepareReceive
                0x0000000008009dcc       0x46 USB_DEVICE/Target/usbd_conf.o
                0x0000000008009dcc                USBD_LL_PrepareReceive
 .text.USBD_LL_GetRxDataSize
                0x0000000008009e12       0x26 USB_DEVICE/Target/usbd_conf.o
                0x0000000008009e12                USBD_LL_GetRxDataSize
 .text.USBD_static_malloc
                0x0000000008009e38       0x18 USB_DEVICE/Target/usbd_conf.o
                0x0000000008009e38                USBD_static_malloc
 .text.USBD_static_free
                0x0000000008009e50       0x12 USB_DEVICE/Target/usbd_conf.o
                0x0000000008009e50                USBD_static_free
 .text.HAL_PCDEx_SetConnectionState
                0x0000000008009e62       0x16 USB_DEVICE/Target/usbd_conf.o
                0x0000000008009e62                HAL_PCDEx_SetConnectionState
 .text.USBD_Get_USB_Status
                0x0000000008009e78       0x58 USB_DEVICE/Target/usbd_conf.o
 .text.__errno  0x0000000008009ed0        0xc f:/stm32cubeide_1.5.1/stm32cubeide/plugins/com.st.stm32cube.ide.mcu.externaltools.gnu-tools-for-stm32.7-2018-q2-update.win32_1.5.0.202011040924/tools/bin/../lib/gcc/arm-none-eabi/7.3.1/../../../../arm-none-eabi/lib/thumb/v7-m\libc_nano.a(lib_a-errno.o)
                0x0000000008009ed0                __errno
 .text.__libc_init_array
                0x0000000008009edc       0x48 f:/stm32cubeide_1.5.1/stm32cubeide/plugins/com.st.stm32cube.ide.mcu.externaltools.gnu-tools-for-stm32.7-2018-q2-update.win32_1.5.0.202011040924/tools/bin/../lib/gcc/arm-none-eabi/7.3.1/../../../../arm-none-eabi/lib/thumb/v7-m\libc_nano.a(lib_a-init.o)
                0x0000000008009edc                __libc_init_array
 .text.memset   0x0000000008009f24       0x10 f:/stm32cubeide_1.5.1/stm32cubeide/plugins/com.st.stm32cube.ide.mcu.externaltools.gnu-tools-for-stm32.7-2018-q2-update.win32_1.5.0.202011040924/tools/bin/../lib/gcc/arm-none-eabi/7.3.1/../../../../arm-none-eabi/lib/thumb/v7-m\libc_nano.a(lib_a-memset.o)
                0x0000000008009f24                memset
 .text._vsprintf_r
                0x0000000008009f34       0x2c f:/stm32cubeide_1.5.1/stm32cubeide/plugins/com.st.stm32cube.ide.mcu.externaltools.gnu-tools-for-stm32.7-2018-q2-update.win32_1.5.0.202011040924/tools/bin/../lib/gcc/arm-none-eabi/7.3.1/../../../../arm-none-eabi/lib/thumb/v7-m\libc_nano.a(lib_a-vsprintf.o)
                0x0000000008009f34                _vsprintf_r
                0x0000000008009f34                _vsiprintf_r
 .text.vsprintf
                0x0000000008009f60       0x14 f:/stm32cubeide_1.5.1/stm32cubeide/plugins/com.st.stm32cube.ide.mcu.externaltools.gnu-tools-for-stm32.7-2018-q2-update.win32_1.5.0.202011040924/tools/bin/../lib/gcc/arm-none-eabi/7.3.1/../../../../arm-none-eabi/lib/thumb/v7-m\libc_nano.a(lib_a-vsprintf.o)
                0x0000000008009f60                vsiprintf
                0x0000000008009f60                vsprintf
 .text.__ssputs_r
                0x0000000008009f74       0xb4 f:/stm32cubeide_1.5.1/stm32cubeide/plugins/com.st.stm32cube.ide.mcu.externaltools.gnu-tools-for-stm32.7-2018-q2-update.win32_1.5.0.202011040924/tools/bin/../lib/gcc/arm-none-eabi/7.3.1/../../../../arm-none-eabi/lib/thumb/v7-m\libc_nano.a(lib_a-nano-svfprintf.o)
                0x0000000008009f74                __ssputs_r
 .text._svfprintf_r
                0x000000000800a028      0x1f0 f:/stm32cubeide_1.5.1/stm32cubeide/plugins/com.st.stm32cube.ide.mcu.externaltools.gnu-tools-for-stm32.7-2018-q2-update.win32_1.5.0.202011040924/tools/bin/../lib/gcc/arm-none-eabi/7.3.1/../../../../arm-none-eabi/lib/thumb/v7-m\libc_nano.a(lib_a-nano-svfprintf.o)
                0x000000000800a028                _svfiprintf_r
                0x000000000800a028                _svfprintf_r
 .text._printf_common
                0x000000000800a218       0xec f:/stm32cubeide_1.5.1/stm32cubeide/plugins/com.st.stm32cube.ide.mcu.externaltools.gnu-tools-for-stm32.7-2018-q2-update.win32_1.5.0.202011040924/tools/bin/../lib/gcc/arm-none-eabi/7.3.1/../../../../arm-none-eabi/lib/thumb/v7-m\libc_nano.a(lib_a-nano-vfprintf_i.o)
                0x000000000800a218                _printf_common
 .text._printf_i
                0x000000000800a304      0x224 f:/stm32cubeide_1.5.1/stm32cubeide/plugins/com.st.stm32cube.ide.mcu.externaltools.gnu-tools-for-stm32.7-2018-q2-update.win32_1.5.0.202011040924/tools/bin/../lib/gcc/arm-none-eabi/7.3.1/../../../../arm-none-eabi/lib/thumb/v7-m\libc_nano.a(lib_a-nano-vfprintf_i.o)
                0x000000000800a304                _printf_i
 .text.memchr   0x000000000800a528       0x1c f:/stm32cubeide_1.5.1/stm32cubeide/plugins/com.st.stm32cube.ide.mcu.externaltools.gnu-tools-for-stm32.7-2018-q2-update.win32_1.5.0.202011040924/tools/bin/../lib/gcc/arm-none-eabi/7.3.1/../../../../arm-none-eabi/lib/thumb/v7-m\libc_nano.a(lib_a-memchr-stub.o)
                0x000000000800a528                memchr
 .text.memcpy   0x000000000800a544       0x16 f:/stm32cubeide_1.5.1/stm32cubeide/plugins/com.st.stm32cube.ide.mcu.externaltools.gnu-tools-for-stm32.7-2018-q2-update.win32_1.5.0.202011040924/tools/bin/../lib/gcc/arm-none-eabi/7.3.1/../../../../arm-none-eabi/lib/thumb/v7-m\libc_nano.a(lib_a-memcpy-stub.o)
                0x000000000800a544                memcpy
 .text.memmove  0x000000000800a55a       0x32 f:/stm32cubeide_1.5.1/stm32cubeide/plugins/com.st.stm32cube.ide.mcu.externaltools.gnu-tools-for-stm32.7-2018-q2-update.win32_1.5.0.202011040924/tools/bin/../lib/gcc/arm-none-eabi/7.3.1/../../../../arm-none-eabi/lib/thumb/v7-m\libc_nano.a(lib_a-memmove.o)
                0x000000000800a55a                memmove
 .text._free_r  0x000000000800a58c       0x98 f:/stm32cubeide_1.5.1/stm32cubeide/plugins/com.st.stm32cube.ide.mcu.externaltools.gnu-tools-for-stm32.7-2018-q2-update.win32_1.5.0.202011040924/tools/bin/../lib/gcc/arm-none-eabi/7.3.1/../../../../arm-none-eabi/lib/thumb/v7-m\libc_nano.a(lib_a-nano-freer.o)
                0x000000000800a58c                _free_r
 .text._malloc_r
                0x000000000800a624       0xb4 f:/stm32cubeide_1.5.1/stm32cubeide/plugins/com.st.stm32cube.ide.mcu.externaltools.gnu-tools-for-stm32.7-2018-q2-update.win32_1.5.0.202011040924/tools/bin/../lib/gcc/arm-none-eabi/7.3.1/../../../../arm-none-eabi/lib/thumb/v7-m\libc_nano.a(lib_a-nano-mallocr.o)
                0x000000000800a624                _malloc_r
 .text._realloc_r
                0x000000000800a6d8       0x4c f:/stm32cubeide_1.5.1/stm32cubeide/plugins/com.st.stm32cube.ide.mcu.externaltools.gnu-tools-for-stm32.7-2018-q2-update.win32_1.5.0.202011040924/tools/bin/../lib/gcc/arm-none-eabi/7.3.1/../../../../arm-none-eabi/lib/thumb/v7-m\libc_nano.a(lib_a-nano-reallocr.o)
                0x000000000800a6d8                _realloc_r
 .text._sbrk_r  0x000000000800a724       0x20 f:/stm32cubeide_1.5.1/stm32cubeide/plugins/com.st.stm32cube.ide.mcu.externaltools.gnu-tools-for-stm32.7-2018-q2-update.win32_1.5.0.202011040924/tools/bin/../lib/gcc/arm-none-eabi/7.3.1/../../../../arm-none-eabi/lib/thumb/v7-m\libc_nano.a(lib_a-sbrkr.o)
                0x000000000800a724                _sbrk_r
 .text.__malloc_lock
                0x000000000800a744        0x2 f:/stm32cubeide_1.5.1/stm32cubeide/plugins/com.st.stm32cube.ide.mcu.externaltools.gnu-tools-for-stm32.7-2018-q2-update.win32_1.5.0.202011040924/tools/bin/../lib/gcc/arm-none-eabi/7.3.1/../../../../arm-none-eabi/lib/thumb/v7-m\libc_nano.a(lib_a-mlock.o)
                0x000000000800a744                __malloc_lock
 .text.__malloc_unlock
                0x000000000800a746        0x2 f:/stm32cubeide_1.5.1/stm32cubeide/plugins/com.st.stm32cube.ide.mcu.externaltools.gnu-tools-for-stm32.7-2018-q2-update.win32_1.5.0.202011040924/tools/bin/../lib/gcc/arm-none-eabi/7.3.1/../../../../arm-none-eabi/lib/thumb/v7-m\libc_nano.a(lib_a-mlock.o)
                0x000000000800a746                __malloc_unlock
 .text._malloc_usable_size_r
                0x000000000800a748       0x10 f:/stm32cubeide_1.5.1/stm32cubeide/plugins/com.st.stm32cube.ide.mcu.externaltools.gnu-tools-for-stm32.7-2018-q2-update.win32_1.5.0.202011040924/tools/bin/../lib/gcc/arm-none-eabi/7.3.1/../../../../arm-none-eabi/lib/thumb/v7-m\libc_nano.a(lib_a-nano-msizer.o)
                0x000000000800a748                _malloc_usable_size_r
 *(.glue_7)
 .glue_7        0x000000000800a758        0x0 linker stubs
 *(.glue_7t)
 .glue_7t       0x000000000800a758        0x0 linker stubs
 *(.eh_frame)
 .eh_frame      0x000000000800a758        0x0 f:/stm32cubeide_1.5.1/stm32cubeide/plugins/com.st.stm32cube.ide.mcu.externaltools.gnu-tools-for-stm32.7-2018-q2-update.win32_1.5.0.202011040924/tools/bin/../lib/gcc/arm-none-eabi/7.3.1/thumb/v7-m/crtbegin.o
 *(.init)
 .init          0x000000000800a758        0x4 f:/stm32cubeide_1.5.1/stm32cubeide/plugins/com.st.stm32cube.ide.mcu.externaltools.gnu-tools-for-stm32.7-2018-q2-update.win32_1.5.0.202011040924/tools/bin/../lib/gcc/arm-none-eabi/7.3.1/thumb/v7-m/crti.o
                0x000000000800a758                _init
 .init          0x000000000800a75c        0x8 f:/stm32cubeide_1.5.1/stm32cubeide/plugins/com.st.stm32cube.ide.mcu.externaltools.gnu-tools-for-stm32.7-2018-q2-update.win32_1.5.0.202011040924/tools/bin/../lib/gcc/arm-none-eabi/7.3.1/thumb/v7-m/crtn.o
 *(.fini)
 .fini          0x000000000800a764        0x4 f:/stm32cubeide_1.5.1/stm32cubeide/plugins/com.st.stm32cube.ide.mcu.externaltools.gnu-tools-for-stm32.7-2018-q2-update.win32_1.5.0.202011040924/tools/bin/../lib/gcc/arm-none-eabi/7.3.1/thumb/v7-m/crti.o
                0x000000000800a764                _fini
 .fini          0x000000000800a768        0x8 f:/stm32cubeide_1.5.1/stm32cubeide/plugins/com.st.stm32cube.ide.mcu.externaltools.gnu-tools-for-stm32.7-2018-q2-update.win32_1.5.0.202011040924/tools/bin/../lib/gcc/arm-none-eabi/7.3.1/thumb/v7-m/crtn.o
                0x000000000800a770                . = ALIGN (0x4)
                0x000000000800a770                _etext = .

.vfp11_veneer   0x000000000800a770        0x0
 .vfp11_veneer  0x000000000800a770        0x0 linker stubs

.v4_bx          0x000000000800a770        0x0
 .v4_bx         0x000000000800a770        0x0 linker stubs

.iplt           0x000000000800a770        0x0
 .iplt          0x000000000800a770        0x0 f:/stm32cubeide_1.5.1/stm32cubeide/plugins/com.st.stm32cube.ide.mcu.externaltools.gnu-tools-for-stm32.7-2018-q2-update.win32_1.5.0.202011040924/tools/bin/../lib/gcc/arm-none-eabi/7.3.1/thumb/v7-m/crtbegin.o

.rodata         0x000000000800a770      0x12c
                0x000000000800a770                . = ALIGN (0x4)
 *(.rodata)
 .rodata        0x000000000800a770       0x71 Core/Src/pin_card.o
 *fill*         0x000000000800a7e1        0x3 
 .rodata        0x000000000800a7e4        0xf Core/Src/setup_and_loop.o
 *fill*         0x000000000800a7f3        0x1 
 .rodata        0x000000000800a7f4       0x12 Drivers/STM32F1xx_HAL_Driver/Src/stm32f1xx_hal_rcc.o
 *fill*         0x000000000800a806        0x2 
 .rodata        0x000000000800a808       0x46 USB_DEVICE/App/usbd_desc.o
 *(.rodata*)
 *fill*         0x000000000800a84e        0x2 
 .rodata.AHBPrescTable
                0x000000000800a850       0x10 Core/Src/system_stm32f1xx.o
                0x000000000800a850                AHBPrescTable
 .rodata.APBPrescTable
                0x000000000800a860        0x8 Core/Src/system_stm32f1xx.o
                0x000000000800a860                APBPrescTable
 .rodata._svfprintf_r.str1.1
                0x000000000800a868       0x11 f:/stm32cubeide_1.5.1/stm32cubeide/plugins/com.st.stm32cube.ide.mcu.externaltools.gnu-tools-for-stm32.7-2018-q2-update.win32_1.5.0.202011040924/tools/bin/../lib/gcc/arm-none-eabi/7.3.1/../../../../arm-none-eabi/lib/thumb/v7-m\libc_nano.a(lib_a-nano-svfprintf.o)
 .rodata._printf_i.str1.1
                0x000000000800a879       0x22 f:/stm32cubeide_1.5.1/stm32cubeide/plugins/com.st.stm32cube.ide.mcu.externaltools.gnu-tools-for-stm32.7-2018-q2-update.win32_1.5.0.202011040924/tools/bin/../lib/gcc/arm-none-eabi/7.3.1/../../../../arm-none-eabi/lib/thumb/v7-m\libc_nano.a(lib_a-nano-vfprintf_i.o)
                0x000000000800a89c                . = ALIGN (0x4)
 *fill*         0x000000000800a89b        0x1 

.rel.dyn        0x000000000800a89c        0x0
 .rel.iplt      0x000000000800a89c        0x0 f:/stm32cubeide_1.5.1/stm32cubeide/plugins/com.st.stm32cube.ide.mcu.externaltools.gnu-tools-for-stm32.7-2018-q2-update.win32_1.5.0.202011040924/tools/bin/../lib/gcc/arm-none-eabi/7.3.1/thumb/v7-m/crtbegin.o

.ARM.extab      0x000000000800a89c        0x0
                0x000000000800a89c                . = ALIGN (0x4)
 *(.ARM.extab* .gnu.linkonce.armextab.*)
                0x000000000800a89c                . = ALIGN (0x4)

.ARM            0x000000000800a89c        0x0
                0x000000000800a89c                . = ALIGN (0x4)
                0x000000000800a89c                __exidx_start = .
 *(.ARM.exidx*)
                0x000000000800a89c                __exidx_end = .
                0x000000000800a89c                . = ALIGN (0x4)

.preinit_array  0x000000000800a89c        0x0
                0x000000000800a89c                . = ALIGN (0x4)
                0x000000000800a89c                PROVIDE (__preinit_array_start = .)
 *(.preinit_array*)
                0x000000000800a89c                PROVIDE (__preinit_array_end = .)
                0x000000000800a89c                . = ALIGN (0x4)

.init_array     0x000000000800a89c        0x4
                0x000000000800a89c                . = ALIGN (0x4)
                0x000000000800a89c                PROVIDE (__init_array_start = .)
 *(SORT_BY_NAME(.init_array.*))
 *(.init_array*)
 .init_array    0x000000000800a89c        0x4 f:/stm32cubeide_1.5.1/stm32cubeide/plugins/com.st.stm32cube.ide.mcu.externaltools.gnu-tools-for-stm32.7-2018-q2-update.win32_1.5.0.202011040924/tools/bin/../lib/gcc/arm-none-eabi/7.3.1/thumb/v7-m/crtbegin.o
                0x000000000800a8a0                PROVIDE (__init_array_end = .)
                0x000000000800a8a0                . = ALIGN (0x4)

.fini_array     0x000000000800a8a0        0x4
                0x000000000800a8a0                . = ALIGN (0x4)
                [!provide]                        PROVIDE (__fini_array_start = .)
 *(SORT_BY_NAME(.fini_array.*))
 *(.fini_array*)
 .fini_array    0x000000000800a8a0        0x4 f:/stm32cubeide_1.5.1/stm32cubeide/plugins/com.st.stm32cube.ide.mcu.externaltools.gnu-tools-for-stm32.7-2018-q2-update.win32_1.5.0.202011040924/tools/bin/../lib/gcc/arm-none-eabi/7.3.1/thumb/v7-m/crtbegin.o
                [!provide]                        PROVIDE (__fini_array_end = .)
                0x000000000800a8a4                . = ALIGN (0x4)
                0x000000000800a8a4                _sidata = LOADADDR (.data)

.data           0x0000000020000000      0x1e0 load address 0x000000000800a8a4
                0x0000000020000000                . = ALIGN (0x4)
                0x0000000020000000                _sdata = .
 *(.data)
 *(.data*)
 .data.SystemCoreClock
                0x0000000020000000        0x4 Core/Src/system_stm32f1xx.o
                0x0000000020000000                SystemCoreClock
 .data.uwTickPrio
                0x0000000020000004        0x4 Drivers/STM32F1xx_HAL_Driver/Src/stm32f1xx_hal.o
                0x0000000020000004                uwTickPrio
 .data.uwTickFreq
                0x0000000020000008        0x1 Drivers/STM32F1xx_HAL_Driver/Src/stm32f1xx_hal.o
                0x0000000020000008                uwTickFreq
 *fill*         0x0000000020000009        0x3 
 .data.USBD_CDC_DeviceQualifierDesc
                0x000000002000000c        0xa Middlewares/ST/STM32_USB_Device_Library/Class/CDC/Src/usbd_cdc.o
 *fill*         0x0000000020000016        0x2 
 .data.USBD_CDC
                0x0000000020000018       0x38 Middlewares/ST/STM32_USB_Device_Library/Class/CDC/Src/usbd_cdc.o
                0x0000000020000018                USBD_CDC
 .data.USBD_CDC_CfgHSDesc
                0x0000000020000050       0x43 Middlewares/ST/STM32_USB_Device_Library/Class/CDC/Src/usbd_cdc.o
                0x0000000020000050                USBD_CDC_CfgHSDesc
 *fill*         0x0000000020000093        0x1 
 .data.USBD_CDC_CfgFSDesc
                0x0000000020000094       0x43 Middlewares/ST/STM32_USB_Device_Library/Class/CDC/Src/usbd_cdc.o
                0x0000000020000094                USBD_CDC_CfgFSDesc
 *fill*         0x00000000200000d7        0x1 
 .data.USBD_CDC_OtherSpeedCfgDesc
                0x00000000200000d8       0x43 Middlewares/ST/STM32_USB_Device_Library/Class/CDC/Src/usbd_cdc.o
                0x00000000200000d8                USBD_CDC_OtherSpeedCfgDesc
 *fill*         0x000000002000011b        0x1 
 .data.USBD_Interface_fops_FS
                0x000000002000011c       0x10 USB_DEVICE/App/usbd_cdc_if.o
                0x000000002000011c                USBD_Interface_fops_FS
 .data.FS_Desc  0x000000002000012c       0x1c USB_DEVICE/App/usbd_desc.o
                0x000000002000012c                FS_Desc
 .data.USBD_FS_DeviceDesc
                0x0000000020000148       0x12 USB_DEVICE/App/usbd_desc.o
                0x0000000020000148                USBD_FS_DeviceDesc
 *fill*         0x000000002000015a        0x2 
 .data.USBD_LangIDDesc
                0x000000002000015c        0x4 USB_DEVICE/App/usbd_desc.o
                0x000000002000015c                USBD_LangIDDesc
 .data.USBD_StringSerial
                0x0000000020000160       0x1a USB_DEVICE/App/usbd_desc.o
                0x0000000020000160                USBD_StringSerial
 *fill*         0x000000002000017a        0x2 
 .data._impure_ptr
                0x000000002000017c        0x4 f:/stm32cubeide_1.5.1/stm32cubeide/plugins/com.st.stm32cube.ide.mcu.externaltools.gnu-tools-for-stm32.7-2018-q2-update.win32_1.5.0.202011040924/tools/bin/../lib/gcc/arm-none-eabi/7.3.1/../../../../arm-none-eabi/lib/thumb/v7-m\libc_nano.a(lib_a-impure.o)
                0x000000002000017c                _impure_ptr
 .data.impure_data
                0x0000000020000180       0x60 f:/stm32cubeide_1.5.1/stm32cubeide/plugins/com.st.stm32cube.ide.mcu.externaltools.gnu-tools-for-stm32.7-2018-q2-update.win32_1.5.0.202011040924/tools/bin/../lib/gcc/arm-none-eabi/7.3.1/../../../../arm-none-eabi/lib/thumb/v7-m\libc_nano.a(lib_a-impure.o)
 *(.RamFunc)
 *(.RamFunc*)
                0x00000000200001e0                . = ALIGN (0x4)
                0x00000000200001e0                _edata = .

.igot.plt       0x00000000200001e0        0x0 load address 0x000000000800aa84
 .igot.plt      0x00000000200001e0        0x0 f:/stm32cubeide_1.5.1/stm32cubeide/plugins/com.st.stm32cube.ide.mcu.externaltools.gnu-tools-for-stm32.7-2018-q2-update.win32_1.5.0.202011040924/tools/bin/../lib/gcc/arm-none-eabi/7.3.1/thumb/v7-m/crtbegin.o
                0x00000000200001e0                . = ALIGN (0x4)

.bss            0x00000000200001e0     0x5be4 load address 0x000000000800aa84
                0x00000000200001e0                _sbss = .
                0x00000000200001e0                __bss_start__ = _sbss
 *(.bss)
 .bss           0x00000000200001e0       0x1c f:/stm32cubeide_1.5.1/stm32cubeide/plugins/com.st.stm32cube.ide.mcu.externaltools.gnu-tools-for-stm32.7-2018-q2-update.win32_1.5.0.202011040924/tools/bin/../lib/gcc/arm-none-eabi/7.3.1/thumb/v7-m/crtbegin.o
 *(.bss*)
 .bss.transmit_buffer
                0x00000000200001fc     0x1000 Core/Src/main.o
                0x00000000200001fc                transmit_buffer
 .bss.receive_buffer
                0x00000000200011fc     0x1000 Core/Src/main.o
                0x00000000200011fc                receive_buffer
 .bss.RX_FIFO   0x00000000200021fc     0x1008 Core/Src/main.o
                0x00000000200021fc                RX_FIFO
 .bss.__sbrk_heap_end
                0x0000000020003204        0x4 Core/Src/sysmem.o
 .bss.cfgidx.8248
                0x0000000020003208        0x1 Middlewares/ST/STM32_USB_Device_Library/Core/Src/usbd_ctlreq.o
 *fill*         0x0000000020003209        0x3 
 .bss.mem.8316  0x000000002000320c      0x220 USB_DEVICE/Target/usbd_conf.o
 .bss.__malloc_free_list
                0x000000002000342c        0x4 f:/stm32cubeide_1.5.1/stm32cubeide/plugins/com.st.stm32cube.ide.mcu.externaltools.gnu-tools-for-stm32.7-2018-q2-update.win32_1.5.0.202011040924/tools/bin/../lib/gcc/arm-none-eabi/7.3.1/../../../../arm-none-eabi/lib/thumb/v7-m\libc_nano.a(lib_a-nano-mallocr.o)
                0x000000002000342c                __malloc_free_list
 .bss.__malloc_sbrk_start
                0x0000000020003430        0x4 f:/stm32cubeide_1.5.1/stm32cubeide/plugins/com.st.stm32cube.ide.mcu.externaltools.gnu-tools-for-stm32.7-2018-q2-update.win32_1.5.0.202011040924/tools/bin/../lib/gcc/arm-none-eabi/7.3.1/../../../../arm-none-eabi/lib/thumb/v7-m\libc_nano.a(lib_a-nano-mallocr.o)
                0x0000000020003430                __malloc_sbrk_start
 *(COMMON)
 COMMON         0x0000000020003434     0x101c Core/Src/fpga.o
                0x0000000020003434                fdata_to_ui
                0x0000000020004434                IO4_capture
                0x0000000020004438                null_byte
                0x000000002000443c                IO7_capture
                0x0000000020004440                io_config_matrix
 COMMON         0x0000000020004450       0xa8 Core/Src/i2c.o
                0x0000000020004450                hi2c1
                0x00000000200044a4                hi2c2
 COMMON         0x00000000200044f8     0x107c Core/Src/main.o
                0x00000000200044f8                packet_sent
                0x00000000200044fc                clkpower
                0x0000000020004500                packet
                0x0000000020005500                read_id
                0x0000000020005508                ct_packet
                0x0000000020005510                num_packets_from_ui
                0x0000000020005518                lt_packet
                0x0000000020005520                buzzerTime
                0x0000000020005524                command
                0x0000000020005528                digital_tests
                0x0000000020005529                read_from_ui
                0x000000002000552c                num_packets_to_A
                0x0000000020005530                request_from_pincard
                0x0000000020005534                packet_size
                0x0000000020005538                count
                0x000000002000553c                notify_new_ic
                0x0000000020005540                omsynth
                0x0000000020005548                num_req_A
                0x000000002000554c                request_status
                0x000000002000554e                payload_size
                0x0000000020005550                num_req_B
                0x0000000020005554                clkOn
                0x0000000020005558                DAC_CODE
                0x000000002000555c                device
                0x0000000020005560                new_packet_read
                0x0000000020005564                header_to_ui
                0x0000000020005570                value
 COMMON         0x0000000020005574       0x58 Core/Src/spi.o
                0x0000000020005574                hspi1
 COMMON         0x00000000200055cc       0x40 Core/Src/usart.o
                0x00000000200055cc                huart1
 COMMON         0x000000002000560c        0x4 Drivers/STM32F1xx_HAL_Driver/Src/stm32f1xx_hal.o
                0x000000002000560c                uwTick
 COMMON         0x0000000020005610      0x2c4 USB_DEVICE/App/usb_device.o
                0x0000000020005610                hUsbDeviceFS
 COMMON         0x00000000200058d4      0x200 USB_DEVICE/App/usbd_desc.o
                0x00000000200058d4                USBD_StrDesc
 COMMON         0x0000000020005ad4      0x2ec USB_DEVICE/Target/usbd_conf.o
                0x0000000020005ad4                hpcd_USB_FS
 COMMON         0x0000000020005dc0        0x4 f:/stm32cubeide_1.5.1/stm32cubeide/plugins/com.st.stm32cube.ide.mcu.externaltools.gnu-tools-for-stm32.7-2018-q2-update.win32_1.5.0.202011040924/tools/bin/../lib/gcc/arm-none-eabi/7.3.1/../../../../arm-none-eabi/lib/thumb/v7-m\libc_nano.a(lib_a-reent.o)
                0x0000000020005dc0                errno
                0x0000000020005dc4                . = ALIGN (0x4)
                0x0000000020005dc4                _ebss = .
                0x0000000020005dc4                __bss_end__ = _ebss

._user_heap_stack
                0x0000000020005dc4      0x604 load address 0x000000000800aa84
                0x0000000020005dc8                . = ALIGN (0x8)
 *fill*         0x0000000020005dc4        0x4 
                [!provide]                        PROVIDE (end = .)
                0x0000000020005dc8                PROVIDE (_end = .)
                0x0000000020005fc8                . = (. + _Min_Heap_Size)
 *fill*         0x0000000020005dc8      0x200 
                0x00000000200063c8                . = (. + _Min_Stack_Size)
 *fill*         0x0000000020005fc8      0x400 
                0x00000000200063c8                . = ALIGN (0x8)

/DISCARD/
 libc.a(*)
 libm.a(*)
 libgcc.a(*)

.ARM.attributes
                0x0000000000000000       0x29
 *(.ARM.attributes)
 .ARM.attributes
                0x0000000000000000       0x1d f:/stm32cubeide_1.5.1/stm32cubeide/plugins/com.st.stm32cube.ide.mcu.externaltools.gnu-tools-for-stm32.7-2018-q2-update.win32_1.5.0.202011040924/tools/bin/../lib/gcc/arm-none-eabi/7.3.1/thumb/v7-m/crti.o
 .ARM.attributes
                0x000000000000001d       0x2d f:/stm32cubeide_1.5.1/stm32cubeide/plugins/com.st.stm32cube.ide.mcu.externaltools.gnu-tools-for-stm32.7-2018-q2-update.win32_1.5.0.202011040924/tools/bin/../lib/gcc/arm-none-eabi/7.3.1/thumb/v7-m/crtbegin.o
 .ARM.attributes
                0x000000000000004a       0x33 Core/Src/fpga.o
 .ARM.attributes
                0x000000000000007d       0x33 Core/Src/gpio.o
 .ARM.attributes
                0x00000000000000b0       0x33 Core/Src/i2c.o
 .ARM.attributes
                0x00000000000000e3       0x33 Core/Src/main.o
 .ARM.attributes
                0x0000000000000116       0x33 Core/Src/mcp4728.o
 .ARM.attributes
                0x0000000000000149       0x33 Core/Src/pin_card.o
 .ARM.attributes
                0x000000000000017c       0x33 Core/Src/setup_and_loop.o
 .ARM.attributes
                0x00000000000001af       0x33 Core/Src/si5351.o
 .ARM.attributes
                0x00000000000001e2       0x33 Core/Src/spi.o
 .ARM.attributes
                0x0000000000000215       0x33 Core/Src/stm32f1xx_hal_msp.o
 .ARM.attributes
                0x0000000000000248       0x33 Core/Src/stm32f1xx_it.o
 .ARM.attributes
                0x000000000000027b       0x33 Core/Src/sysmem.o
 .ARM.attributes
                0x00000000000002ae       0x33 Core/Src/system_stm32f1xx.o
 .ARM.attributes
                0x00000000000002e1       0x33 Core/Src/usart.o
 .ARM.attributes
                0x0000000000000314       0x21 Core/Startup/startup_stm32f103zetx.o
 .ARM.attributes
                0x0000000000000335       0x33 Drivers/STM32F1xx_HAL_Driver/Src/stm32f1xx_hal.o
 .ARM.attributes
                0x0000000000000368       0x33 Drivers/STM32F1xx_HAL_Driver/Src/stm32f1xx_hal_cortex.o
 .ARM.attributes
                0x000000000000039b       0x33 Drivers/STM32F1xx_HAL_Driver/Src/stm32f1xx_hal_gpio.o
 .ARM.attributes
                0x00000000000003ce       0x33 Drivers/STM32F1xx_HAL_Driver/Src/stm32f1xx_hal_i2c.o
 .ARM.attributes
                0x0000000000000401       0x33 Drivers/STM32F1xx_HAL_Driver/Src/stm32f1xx_hal_pcd.o
 .ARM.attributes
                0x0000000000000434       0x33 Drivers/STM32F1xx_HAL_Driver/Src/stm32f1xx_hal_pcd_ex.o
 .ARM.attributes
                0x0000000000000467       0x33 Drivers/STM32F1xx_HAL_Driver/Src/stm32f1xx_hal_rcc.o
 .ARM.attributes
                0x000000000000049a       0x33 Drivers/STM32F1xx_HAL_Driver/Src/stm32f1xx_hal_rcc_ex.o
 .ARM.attributes
                0x00000000000004cd       0x33 Drivers/STM32F1xx_HAL_Driver/Src/stm32f1xx_hal_spi.o
 .ARM.attributes
                0x0000000000000500       0x33 Drivers/STM32F1xx_HAL_Driver/Src/stm32f1xx_hal_uart.o
 .ARM.attributes
                0x0000000000000533       0x33 Drivers/STM32F1xx_HAL_Driver/Src/stm32f1xx_ll_usb.o
 .ARM.attributes
                0x0000000000000566       0x33 Middlewares/ST/STM32_USB_Device_Library/Class/CDC/Src/usbd_cdc.o
 .ARM.attributes
                0x0000000000000599       0x33 Middlewares/ST/STM32_USB_Device_Library/Core/Src/usbd_core.o
 .ARM.attributes
                0x00000000000005cc       0x33 Middlewares/ST/STM32_USB_Device_Library/Core/Src/usbd_ctlreq.o
 .ARM.attributes
                0x00000000000005ff       0x33 Middlewares/ST/STM32_USB_Device_Library/Core/Src/usbd_ioreq.o
 .ARM.attributes
                0x0000000000000632       0x33 USB_DEVICE/App/usb_device.o
 .ARM.attributes
                0x0000000000000665       0x33 USB_DEVICE/App/usbd_cdc_if.o
 .ARM.attributes
                0x0000000000000698       0x33 USB_DEVICE/App/usbd_desc.o
 .ARM.attributes
                0x00000000000006cb       0x33 USB_DEVICE/Target/usbd_conf.o
 .ARM.attributes
                0x00000000000006fe       0x2d f:/stm32cubeide_1.5.1/stm32cubeide/plugins/com.st.stm32cube.ide.mcu.externaltools.gnu-tools-for-stm32.7-2018-q2-update.win32_1.5.0.202011040924/tools/bin/../lib/gcc/arm-none-eabi/7.3.1/../../../../arm-none-eabi/lib/thumb/v7-m\libc_nano.a(lib_a-errno.o)
 .ARM.attributes
                0x000000000000072b       0x2d f:/stm32cubeide_1.5.1/stm32cubeide/plugins/com.st.stm32cube.ide.mcu.externaltools.gnu-tools-for-stm32.7-2018-q2-update.win32_1.5.0.202011040924/tools/bin/../lib/gcc/arm-none-eabi/7.3.1/../../../../arm-none-eabi/lib/thumb/v7-m\libc_nano.a(lib_a-impure.o)
 .ARM.attributes
                0x0000000000000758       0x2d f:/stm32cubeide_1.5.1/stm32cubeide/plugins/com.st.stm32cube.ide.mcu.externaltools.gnu-tools-for-stm32.7-2018-q2-update.win32_1.5.0.202011040924/tools/bin/../lib/gcc/arm-none-eabi/7.3.1/../../../../arm-none-eabi/lib/thumb/v7-m\libc_nano.a(lib_a-init.o)
 .ARM.attributes
                0x0000000000000785       0x2d f:/stm32cubeide_1.5.1/stm32cubeide/plugins/com.st.stm32cube.ide.mcu.externaltools.gnu-tools-for-stm32.7-2018-q2-update.win32_1.5.0.202011040924/tools/bin/../lib/gcc/arm-none-eabi/7.3.1/../../../../arm-none-eabi/lib/thumb/v7-m\libc_nano.a(lib_a-memset.o)
 .ARM.attributes
                0x00000000000007b2       0x17 f:/stm32cubeide_1.5.1/stm32cubeide/plugins/com.st.stm32cube.ide.mcu.externaltools.gnu-tools-for-stm32.7-2018-q2-update.win32_1.5.0.202011040924/tools/bin/../lib/gcc/arm-none-eabi/7.3.1/../../../../arm-none-eabi/lib/thumb/v7-m\libc_nano.a(lib_a-strlen.o)
 .ARM.attributes
                0x00000000000007c9       0x2d f:/stm32cubeide_1.5.1/stm32cubeide/plugins/com.st.stm32cube.ide.mcu.externaltools.gnu-tools-for-stm32.7-2018-q2-update.win32_1.5.0.202011040924/tools/bin/../lib/gcc/arm-none-eabi/7.3.1/../../../../arm-none-eabi/lib/thumb/v7-m\libc_nano.a(lib_a-vsprintf.o)
 .ARM.attributes
                0x00000000000007f6       0x2d f:/stm32cubeide_1.5.1/stm32cubeide/plugins/com.st.stm32cube.ide.mcu.externaltools.gnu-tools-for-stm32.7-2018-q2-update.win32_1.5.0.202011040924/tools/bin/../lib/gcc/arm-none-eabi/7.3.1/../../../../arm-none-eabi/lib/thumb/v7-m\libc_nano.a(lib_a-nano-svfprintf.o)
 .ARM.attributes
                0x0000000000000823       0x2d f:/stm32cubeide_1.5.1/stm32cubeide/plugins/com.st.stm32cube.ide.mcu.externaltools.gnu-tools-for-stm32.7-2018-q2-update.win32_1.5.0.202011040924/tools/bin/../lib/gcc/arm-none-eabi/7.3.1/../../../../arm-none-eabi/lib/thumb/v7-m\libc_nano.a(lib_a-nano-vfprintf_i.o)
 .ARM.attributes
                0x0000000000000850       0x2d f:/stm32cubeide_1.5.1/stm32cubeide/plugins/com.st.stm32cube.ide.mcu.externaltools.gnu-tools-for-stm32.7-2018-q2-update.win32_1.5.0.202011040924/tools/bin/../lib/gcc/arm-none-eabi/7.3.1/../../../../arm-none-eabi/lib/thumb/v7-m\libc_nano.a(lib_a-memchr-stub.o)
 .ARM.attributes
                0x000000000000087d       0x2d f:/stm32cubeide_1.5.1/stm32cubeide/plugins/com.st.stm32cube.ide.mcu.externaltools.gnu-tools-for-stm32.7-2018-q2-update.win32_1.5.0.202011040924/tools/bin/../lib/gcc/arm-none-eabi/7.3.1/../../../../arm-none-eabi/lib/thumb/v7-m\libc_nano.a(lib_a-memcpy-stub.o)
 .ARM.attributes
                0x00000000000008aa       0x2d f:/stm32cubeide_1.5.1/stm32cubeide/plugins/com.st.stm32cube.ide.mcu.externaltools.gnu-tools-for-stm32.7-2018-q2-update.win32_1.5.0.202011040924/tools/bin/../lib/gcc/arm-none-eabi/7.3.1/../../../../arm-none-eabi/lib/thumb/v7-m\libc_nano.a(lib_a-memmove.o)
 .ARM.attributes
                0x00000000000008d7       0x2d f:/stm32cubeide_1.5.1/stm32cubeide/plugins/com.st.stm32cube.ide.mcu.externaltools.gnu-tools-for-stm32.7-2018-q2-update.win32_1.5.0.202011040924/tools/bin/../lib/gcc/arm-none-eabi/7.3.1/../../../../arm-none-eabi/lib/thumb/v7-m\libc_nano.a(lib_a-nano-freer.o)
 .ARM.attributes
                0x0000000000000904       0x2d f:/stm32cubeide_1.5.1/stm32cubeide/plugins/com.st.stm32cube.ide.mcu.externaltools.gnu-tools-for-stm32.7-2018-q2-update.win32_1.5.0.202011040924/tools/bin/../lib/gcc/arm-none-eabi/7.3.1/../../../../arm-none-eabi/lib/thumb/v7-m\libc_nano.a(lib_a-nano-mallocr.o)
 .ARM.attributes
                0x0000000000000931       0x2d f:/stm32cubeide_1.5.1/stm32cubeide/plugins/com.st.stm32cube.ide.mcu.externaltools.gnu-tools-for-stm32.7-2018-q2-update.win32_1.5.0.202011040924/tools/bin/../lib/gcc/arm-none-eabi/7.3.1/../../../../arm-none-eabi/lib/thumb/v7-m\libc_nano.a(lib_a-nano-reallocr.o)
 .ARM.attributes
                0x000000000000095e       0x2d f:/stm32cubeide_1.5.1/stm32cubeide/plugins/com.st.stm32cube.ide.mcu.externaltools.gnu-tools-for-stm32.7-2018-q2-update.win32_1.5.0.202011040924/tools/bin/../lib/gcc/arm-none-eabi/7.3.1/../../../../arm-none-eabi/lib/thumb/v7-m\libc_nano.a(lib_a-sbrkr.o)
 .ARM.attributes
                0x000000000000098b       0x2d f:/stm32cubeide_1.5.1/stm32cubeide/plugins/com.st.stm32cube.ide.mcu.externaltools.gnu-tools-for-stm32.7-2018-q2-update.win32_1.5.0.202011040924/tools/bin/../lib/gcc/arm-none-eabi/7.3.1/../../../../arm-none-eabi/lib/thumb/v7-m\libc_nano.a(lib_a-mlock.o)
 .ARM.attributes
                0x00000000000009b8       0x2d f:/stm32cubeide_1.5.1/stm32cubeide/plugins/com.st.stm32cube.ide.mcu.externaltools.gnu-tools-for-stm32.7-2018-q2-update.win32_1.5.0.202011040924/tools/bin/../lib/gcc/arm-none-eabi/7.3.1/../../../../arm-none-eabi/lib/thumb/v7-m\libc_nano.a(lib_a-nano-msizer.o)
 .ARM.attributes
                0x00000000000009e5       0x2d f:/stm32cubeide_1.5.1/stm32cubeide/plugins/com.st.stm32cube.ide.mcu.externaltools.gnu-tools-for-stm32.7-2018-q2-update.win32_1.5.0.202011040924/tools/bin/../lib/gcc/arm-none-eabi/7.3.1/../../../../arm-none-eabi/lib/thumb/v7-m\libc_nano.a(lib_a-reent.o)
 .ARM.attributes
                0x0000000000000a12       0x1d f:/stm32cubeide_1.5.1/stm32cubeide/plugins/com.st.stm32cube.ide.mcu.externaltools.gnu-tools-for-stm32.7-2018-q2-update.win32_1.5.0.202011040924/tools/bin/../lib/gcc/arm-none-eabi/7.3.1/thumb/v7-m/crtn.o
OUTPUT(main_mcu.elf elf32-littlearm)

.debug_info     0x0000000000000000    0x21a90
 .debug_info    0x0000000000000000     0x14ec Core/Src/fpga.o
 .debug_info    0x00000000000014ec      0xbea Core/Src/gpio.o
 .debug_info    0x00000000000020d6     0x10be Core/Src/i2c.o
 .debug_info    0x0000000000003194     0x17a3 Core/Src/main.o
 .debug_info    0x0000000000004937      0xfae Core/Src/mcp4728.o
 .debug_info    0x00000000000058e5     0x170d Core/Src/pin_card.o
 .debug_info    0x0000000000006ff2     0x17fe Core/Src/setup_and_loop.o
 .debug_info    0x00000000000087f0     0x12f2 Core/Src/si5351.o
 .debug_info    0x0000000000009ae2     0x103b Core/Src/spi.o
 .debug_info    0x000000000000ab1d      0xaf3 Core/Src/stm32f1xx_hal_msp.o
 .debug_info    0x000000000000b610      0xf3d Core/Src/stm32f1xx_it.o
 .debug_info    0x000000000000c54d      0x985 Core/Src/sysmem.o
 .debug_info    0x000000000000ced2      0x29a Core/Src/system_stm32f1xx.o
 .debug_info    0x000000000000d16c      0xfce Core/Src/usart.o
 .debug_info    0x000000000000e13a       0x22 Core/Startup/startup_stm32f103zetx.o
 .debug_info    0x000000000000e15c      0x77a Drivers/STM32F1xx_HAL_Driver/Src/stm32f1xx_hal.o
 .debug_info    0x000000000000e8d6      0xbb7 Drivers/STM32F1xx_HAL_Driver/Src/stm32f1xx_hal_cortex.o
 .debug_info    0x000000000000f48d      0x69b Drivers/STM32F1xx_HAL_Driver/Src/stm32f1xx_hal_gpio.o
 .debug_info    0x000000000000fb28     0x2555 Drivers/STM32F1xx_HAL_Driver/Src/stm32f1xx_hal_i2c.o
 .debug_info    0x000000000001207d     0x122f Drivers/STM32F1xx_HAL_Driver/Src/stm32f1xx_hal_pcd.o
 .debug_info    0x00000000000132ac      0x785 Drivers/STM32F1xx_HAL_Driver/Src/stm32f1xx_hal_pcd_ex.o
 .debug_info    0x0000000000013a31      0x80f Drivers/STM32F1xx_HAL_Driver/Src/stm32f1xx_hal_rcc.o
 .debug_info    0x0000000000014240      0x45e Drivers/STM32F1xx_HAL_Driver/Src/stm32f1xx_hal_rcc_ex.o
 .debug_info    0x000000000001469e     0x157f Drivers/STM32F1xx_HAL_Driver/Src/stm32f1xx_hal_spi.o
 .debug_info    0x0000000000015c1d     0x121b Drivers/STM32F1xx_HAL_Driver/Src/stm32f1xx_hal_uart.o
 .debug_info    0x0000000000016e38     0x17e7 Drivers/STM32F1xx_HAL_Driver/Src/stm32f1xx_ll_usb.o
 .debug_info    0x000000000001861f     0x17b6 Middlewares/ST/STM32_USB_Device_Library/Class/CDC/Src/usbd_cdc.o
 .debug_info    0x0000000000019dd5     0x11d2 Middlewares/ST/STM32_USB_Device_Library/Core/Src/usbd_core.o
 .debug_info    0x000000000001afa7     0x1142 Middlewares/ST/STM32_USB_Device_Library/Core/Src/usbd_ctlreq.o
 .debug_info    0x000000000001c0e9      0xf33 Middlewares/ST/STM32_USB_Device_Library/Core/Src/usbd_ioreq.o
 .debug_info    0x000000000001d01c      0xe7b USB_DEVICE/App/usb_device.o
 .debug_info    0x000000000001de97     0x10c2 USB_DEVICE/App/usbd_cdc_if.o
 .debug_info    0x000000000001ef59      0xd17 USB_DEVICE/App/usbd_desc.o
 .debug_info    0x000000000001fc70     0x1e20 USB_DEVICE/Target/usbd_conf.o

.debug_abbrev   0x0000000000000000     0x45a5
 .debug_abbrev  0x0000000000000000      0x283 Core/Src/fpga.o
 .debug_abbrev  0x0000000000000283      0x1c5 Core/Src/gpio.o
 .debug_abbrev  0x0000000000000448      0x1fb Core/Src/i2c.o
 .debug_abbrev  0x0000000000000643      0x1ff Core/Src/main.o
 .debug_abbrev  0x0000000000000842      0x1ed Core/Src/mcp4728.o
 .debug_abbrev  0x0000000000000a2f      0x241 Core/Src/pin_card.o
 .debug_abbrev  0x0000000000000c70      0x297 Core/Src/setup_and_loop.o
 .debug_abbrev  0x0000000000000f07      0x228 Core/Src/si5351.o
 .debug_abbrev  0x000000000000112f      0x1fb Core/Src/spi.o
 .debug_abbrev  0x000000000000132a      0x1c5 Core/Src/stm32f1xx_hal_msp.o
 .debug_abbrev  0x00000000000014ef      0x1c7 Core/Src/stm32f1xx_it.o
 .debug_abbrev  0x00000000000016b6      0x19b Core/Src/sysmem.o
 .debug_abbrev  0x0000000000001851      0x134 Core/Src/system_stm32f1xx.o
 .debug_abbrev  0x0000000000001985      0x1fb Core/Src/usart.o
 .debug_abbrev  0x0000000000001b80       0x12 Core/Startup/startup_stm32f103zetx.o
 .debug_abbrev  0x0000000000001b92      0x1c7 Drivers/STM32F1xx_HAL_Driver/Src/stm32f1xx_hal.o
 .debug_abbrev  0x0000000000001d59      0x2d5 Drivers/STM32F1xx_HAL_Driver/Src/stm32f1xx_hal_cortex.o
 .debug_abbrev  0x000000000000202e      0x1c0 Drivers/STM32F1xx_HAL_Driver/Src/stm32f1xx_hal_gpio.o
 .debug_abbrev  0x00000000000021ee      0x258 Drivers/STM32F1xx_HAL_Driver/Src/stm32f1xx_hal_i2c.o
 .debug_abbrev  0x0000000000002446      0x268 Drivers/STM32F1xx_HAL_Driver/Src/stm32f1xx_hal_pcd.o
 .debug_abbrev  0x00000000000026ae      0x188 Drivers/STM32F1xx_HAL_Driver/Src/stm32f1xx_hal_pcd_ex.o
 .debug_abbrev  0x0000000000002836      0x243 Drivers/STM32F1xx_HAL_Driver/Src/stm32f1xx_hal_rcc.o
 .debug_abbrev  0x0000000000002a79      0x175 Drivers/STM32F1xx_HAL_Driver/Src/stm32f1xx_hal_rcc_ex.o
 .debug_abbrev  0x0000000000002bee      0x240 Drivers/STM32F1xx_HAL_Driver/Src/stm32f1xx_hal_spi.o
 .debug_abbrev  0x0000000000002e2e      0x242 Drivers/STM32F1xx_HAL_Driver/Src/stm32f1xx_hal_uart.o
 .debug_abbrev  0x0000000000003070      0x1d2 Drivers/STM32F1xx_HAL_Driver/Src/stm32f1xx_ll_usb.o
 .debug_abbrev  0x0000000000003242      0x2b6 Middlewares/ST/STM32_USB_Device_Library/Class/CDC/Src/usbd_cdc.o
 .debug_abbrev  0x00000000000034f8      0x270 Middlewares/ST/STM32_USB_Device_Library/Core/Src/usbd_core.o
 .debug_abbrev  0x0000000000003768      0x2a0 Middlewares/ST/STM32_USB_Device_Library/Core/Src/usbd_ctlreq.o
 .debug_abbrev  0x0000000000003a08      0x1e0 Middlewares/ST/STM32_USB_Device_Library/Core/Src/usbd_ioreq.o
 .debug_abbrev  0x0000000000003be8      0x1be USB_DEVICE/App/usb_device.o
 .debug_abbrev  0x0000000000003da6      0x294 USB_DEVICE/App/usbd_cdc_if.o
 .debug_abbrev  0x000000000000403a      0x290 USB_DEVICE/App/usbd_desc.o
 .debug_abbrev  0x00000000000042ca      0x2db USB_DEVICE/Target/usbd_conf.o

.debug_aranges  0x0000000000000000     0x12d0
 .debug_aranges
                0x0000000000000000       0x70 Core/Src/fpga.o
 .debug_aranges
                0x0000000000000070       0x20 Core/Src/gpio.o
 .debug_aranges
                0x0000000000000090       0x38 Core/Src/i2c.o
 .debug_aranges
                0x00000000000000c8       0x30 Core/Src/main.o
 .debug_aranges
                0x00000000000000f8       0x20 Core/Src/mcp4728.o
 .debug_aranges
                0x0000000000000118       0x30 Core/Src/pin_card.o
 .debug_aranges
                0x0000000000000148       0x48 Core/Src/setup_and_loop.o
 .debug_aranges
                0x0000000000000190       0x58 Core/Src/si5351.o
 .debug_aranges
                0x00000000000001e8       0x30 Core/Src/spi.o
 .debug_aranges
                0x0000000000000218       0x20 Core/Src/stm32f1xx_hal_msp.o
 .debug_aranges
                0x0000000000000238       0x68 Core/Src/stm32f1xx_it.o
 .debug_aranges
                0x00000000000002a0       0x20 Core/Src/sysmem.o
 .debug_aranges
                0x00000000000002c0       0x28 Core/Src/system_stm32f1xx.o
 .debug_aranges
                0x00000000000002e8       0x30 Core/Src/usart.o
 .debug_aranges
                0x0000000000000318       0x28 Core/Startup/startup_stm32f103zetx.o
 .debug_aranges
                0x0000000000000340       0xe0 Drivers/STM32F1xx_HAL_Driver/Src/stm32f1xx_hal.o
 .debug_aranges
                0x0000000000000420      0x100 Drivers/STM32F1xx_HAL_Driver/Src/stm32f1xx_hal_cortex.o
 .debug_aranges
                0x0000000000000520       0x58 Drivers/STM32F1xx_HAL_Driver/Src/stm32f1xx_hal_gpio.o
 .debug_aranges
                0x0000000000000578      0x2a0 Drivers/STM32F1xx_HAL_Driver/Src/stm32f1xx_hal_i2c.o
 .debug_aranges
                0x0000000000000818      0x138 Drivers/STM32F1xx_HAL_Driver/Src/stm32f1xx_hal_pcd.o
 .debug_aranges
                0x0000000000000950       0x38 Drivers/STM32F1xx_HAL_Driver/Src/stm32f1xx_hal_pcd_ex.o
 .debug_aranges
                0x0000000000000988       0x90 Drivers/STM32F1xx_HAL_Driver/Src/stm32f1xx_hal_rcc.o
 .debug_aranges
                0x0000000000000a18       0x30 Drivers/STM32F1xx_HAL_Driver/Src/stm32f1xx_hal_rcc_ex.o
 .debug_aranges
                0x0000000000000a48      0x1d0 Drivers/STM32F1xx_HAL_Driver/Src/stm32f1xx_hal_spi.o
 .debug_aranges
                0x0000000000000c18      0x1d0 Drivers/STM32F1xx_HAL_Driver/Src/stm32f1xx_hal_uart.o
 .debug_aranges
                0x0000000000000de8       0xf0 Drivers/STM32F1xx_HAL_Driver/Src/stm32f1xx_ll_usb.o
 .debug_aranges
                0x0000000000000ed8       0x90 Middlewares/ST/STM32_USB_Device_Library/Class/CDC/Src/usbd_cdc.o
 .debug_aranges
                0x0000000000000f68       0xb8 Middlewares/ST/STM32_USB_Device_Library/Core/Src/usbd_core.o
 .debug_aranges
                0x0000000000001020       0x88 Middlewares/ST/STM32_USB_Device_Library/Core/Src/usbd_ctlreq.o
 .debug_aranges
                0x00000000000010a8       0x50 Middlewares/ST/STM32_USB_Device_Library/Core/Src/usbd_ioreq.o
 .debug_aranges
                0x00000000000010f8       0x20 USB_DEVICE/App/usb_device.o
 .debug_aranges
                0x0000000000001118       0x40 USB_DEVICE/App/usbd_cdc_if.o
 .debug_aranges
                0x0000000000001158       0x60 USB_DEVICE/App/usbd_desc.o
 .debug_aranges
                0x00000000000011b8      0x118 USB_DEVICE/Target/usbd_conf.o

.debug_ranges   0x0000000000000000     0x10e0
 .debug_ranges  0x0000000000000000       0x60 Core/Src/fpga.o
 .debug_ranges  0x0000000000000060       0x10 Core/Src/gpio.o
 .debug_ranges  0x0000000000000070       0x28 Core/Src/i2c.o
 .debug_ranges  0x0000000000000098       0x20 Core/Src/main.o
 .debug_ranges  0x00000000000000b8       0x10 Core/Src/mcp4728.o
 .debug_ranges  0x00000000000000c8       0x20 Core/Src/pin_card.o
 .debug_ranges  0x00000000000000e8       0x38 Core/Src/setup_and_loop.o
 .debug_ranges  0x0000000000000120       0x48 Core/Src/si5351.o
 .debug_ranges  0x0000000000000168       0x20 Core/Src/spi.o
 .debug_ranges  0x0000000000000188       0x10 Core/Src/stm32f1xx_hal_msp.o
 .debug_ranges  0x0000000000000198       0x58 Core/Src/stm32f1xx_it.o
 .debug_ranges  0x00000000000001f0       0x10 Core/Src/sysmem.o
 .debug_ranges  0x0000000000000200       0x18 Core/Src/system_stm32f1xx.o
 .debug_ranges  0x0000000000000218       0x20 Core/Src/usart.o
 .debug_ranges  0x0000000000000238       0x20 Core/Startup/startup_stm32f103zetx.o
 .debug_ranges  0x0000000000000258       0xd0 Drivers/STM32F1xx_HAL_Driver/Src/stm32f1xx_hal.o
 .debug_ranges  0x0000000000000328       0xf0 Drivers/STM32F1xx_HAL_Driver/Src/stm32f1xx_hal_cortex.o
 .debug_ranges  0x0000000000000418       0x48 Drivers/STM32F1xx_HAL_Driver/Src/stm32f1xx_hal_gpio.o
 .debug_ranges  0x0000000000000460      0x2b8 Drivers/STM32F1xx_HAL_Driver/Src/stm32f1xx_hal_i2c.o
 .debug_ranges  0x0000000000000718      0x128 Drivers/STM32F1xx_HAL_Driver/Src/stm32f1xx_hal_pcd.o
 .debug_ranges  0x0000000000000840       0x28 Drivers/STM32F1xx_HAL_Driver/Src/stm32f1xx_hal_pcd_ex.o
 .debug_ranges  0x0000000000000868       0x80 Drivers/STM32F1xx_HAL_Driver/Src/stm32f1xx_hal_rcc.o
 .debug_ranges  0x00000000000008e8       0x20 Drivers/STM32F1xx_HAL_Driver/Src/stm32f1xx_hal_rcc_ex.o
 .debug_ranges  0x0000000000000908      0x1c0 Drivers/STM32F1xx_HAL_Driver/Src/stm32f1xx_hal_spi.o
 .debug_ranges  0x0000000000000ac8      0x1c0 Drivers/STM32F1xx_HAL_Driver/Src/stm32f1xx_hal_uart.o
 .debug_ranges  0x0000000000000c88       0xe0 Drivers/STM32F1xx_HAL_Driver/Src/stm32f1xx_ll_usb.o
 .debug_ranges  0x0000000000000d68       0x80 Middlewares/ST/STM32_USB_Device_Library/Class/CDC/Src/usbd_cdc.o
 .debug_ranges  0x0000000000000de8       0xa8 Middlewares/ST/STM32_USB_Device_Library/Core/Src/usbd_core.o
 .debug_ranges  0x0000000000000e90       0x78 Middlewares/ST/STM32_USB_Device_Library/Core/Src/usbd_ctlreq.o
 .debug_ranges  0x0000000000000f08       0x40 Middlewares/ST/STM32_USB_Device_Library/Core/Src/usbd_ioreq.o
 .debug_ranges  0x0000000000000f48       0x10 USB_DEVICE/App/usb_device.o
 .debug_ranges  0x0000000000000f58       0x30 USB_DEVICE/App/usbd_cdc_if.o
 .debug_ranges  0x0000000000000f88       0x50 USB_DEVICE/App/usbd_desc.o
 .debug_ranges  0x0000000000000fd8      0x108 USB_DEVICE/Target/usbd_conf.o

.debug_macro    0x0000000000000000    0x1f093
 .debug_macro   0x0000000000000000      0x3de Core/Src/fpga.o
 .debug_macro   0x00000000000003de      0xa5a Core/Src/fpga.o
 .debug_macro   0x0000000000000e38       0x22 Core/Src/fpga.o
 .debug_macro   0x0000000000000e5a       0x40 Core/Src/fpga.o
 .debug_macro   0x0000000000000e9a       0x18 Core/Src/fpga.o
 .debug_macro   0x0000000000000eb2       0x94 Core/Src/fpga.o
 .debug_macro   0x0000000000000f46       0x3c Core/Src/fpga.o
 .debug_macro   0x0000000000000f82       0x34 Core/Src/fpga.o
 .debug_macro   0x0000000000000fb6       0x16 Core/Src/fpga.o
 .debug_macro   0x0000000000000fcc       0x57 Core/Src/fpga.o
 .debug_macro   0x0000000000001023       0x97 Core/Src/fpga.o
 .debug_macro   0x00000000000010ba      0x330 Core/Src/fpga.o
 .debug_macro   0x00000000000013ea       0xfd Core/Src/fpga.o
 .debug_macro   0x00000000000014e7       0x10 Core/Src/fpga.o
 .debug_macro   0x00000000000014f7       0x52 Core/Src/fpga.o
 .debug_macro   0x0000000000001549       0x1f Core/Src/fpga.o
 .debug_macro   0x0000000000001568       0x43 Core/Src/fpga.o
 .debug_macro   0x00000000000015ab       0x20 Core/Src/fpga.o